Gll^Fdw, Gll^Fdw, Gd^Fp, Gd, Gll^Fdw, Gd^Fp, Md, Md, Md, Md, Gll^Fp, Gll^Fp, Hhd, Hhd^Fp, Md, Md, Rr^Efm, Md, Md, Md, Md, Gll, Md, Md, Md, Gd, Md, Gd^Fp, Gd^Fdw, Gd^Fdw, Gd^Fp, Md, Md, Md, Gll, Md, Md, Md, Md, Md
Gll^Fdw, Gll^Fdw, Md, Gd^Efm, Gd, Gd^Fp, Md, Md, Rb, Rb, Rb, Rb, Hhd, Hhd^Fp, Md, Md, Rr^Efm, Md, Md, Md, Md, Gll, Md, Md, Md, Gd, Md, Gd^Fp, Gd^Fdw, Gd^Fdw, Gd^Fdw, Rr, Rr, Md, Gll, Gll, Gll^Efm, Gd^Efm, Gd^Efm, Md
Gd^Fdw, Gd^Efm, Gd, Gd, Gll, Gd^Fdw, Gll^Fp, Gd, Rr^Es, Rr^Es, Rr^Es, Md, Hhd, Md, Rr, Rr^Efm, Rr, Rr^Efm, Md, Md, Gd, Md, Hhd, Hhd, Md, Gd^Vo, Gd, Gd^Fp, Hhd^Es, Hhd^Fp, Gd^Fp, Gd^Fdw, Hhd^Fp, Hhd^Em, Hhd^Fp, Gll^Efm, Hhd, Hhd, Gd^Fp, Md
Gd^Fp, Gd, Gd^Efm, Rb^Dr, Rb^Efm, Rb^Efm, Rr, Rr, Gll, Gll, Gd^Es, Rr, Gd^Edb, Rr, Gd^Fdw, Gd^Es, Rr, Gd^Esd, Gd^Esd, Md, Gd^Esa, Hhd, Gll, Md, Gll, Gll^Esa, Gll^Feth, Co^Edb, Co, Co, Gd^Fp, Gll^Efm, Hhd^Fp, Hhd, Hhd, Hhd, Hhd, Hhd, Gd^Fdw, Gd^Fp
Gd^Fdw, Ds, Rb, Rb^Efm, Rr, Rr, Gll, Gd^Fdw, Gll^Fp, Gd^Fdw, Ds, Ds, Gd^Edb, Gd^Fp, Gd^Ve, Gd^Fdw, Hhd^Em, Rr^Es, Rr^Es, Gd^Esa, Aa, Hhd^Esa, Wwrg, Gll, Gd^Vo, Hhd^Esa, Gd^Ecf, Co^Edb, 4 Ko, Co^Edb, Gd^Fdw, Gd^Fdw, Gll^Es, Gll^Es, Gll^Es, Gll^Es, Hhd, Hhd, Hhd, Gll^Feth
Ds, Ds, Ds, Md, Md, Gll, Gd^Fdw, Md, Gd^Fdw, Ds, Ds, Gd^Esd, Gll, Gd^Edb, Gd^Fp, Gd^Fdw, Gd^Esa, Hhd^Em, Ds, Rr, Wwg, Wwf^Ewl, Wwg, Wwg, Hhd^Edb, Hhd, Co^Edb, Co^Edb, Co, Gll^Fp, Md, Gd^Fdw, Md, Gll^Es, Md, Md, Hhd, Hhd^Fp, Hhd, Hhd
Gd, Ds, Hhd, Hhd, Gd, Gll, Gd^Fdw, Gd^Fp, Md, Gd^Edb, Gd^Edb, Gd^Fdw, Md, Gll^Edb, Gd^Edb, Gll, Hhd^Em, Gll^Em, Ds^Es, Wwg, Wwf^Ewl, Wwg, Wwf^Ewl, Wwf^Es, Wwrg, Hhd^Edb, Wwf, Gd^Es, Wwf, Wwf^Wkf, Gd^Vo, Md, Gd^Edb, Md, Md, Hhd^Fp, Hhd, Hhd, Hhd^Es, Gd
Gd^Fp, Hhd, Hhd^Fp, Hhd^Em, Hhd^Fp, Gd^Fdw, Md, Md, Md, Gd^Edb, Gll, Gd^Edt, Gd^Edt, Gll^Edb, Hhd, Hhd^Em, Md, Hhd, Ds^Edb, Wwf, Wwf, Wwf^Ewl, Wwf, Wwf, Wwrg, Ds, Wwf^Es, Wwf^Ewl, Ds^Edb, Wwg, Wwf, Gd^Edb, Hhd^Emf, Gll, Hhd, Hhd, Gd^Fdw, Hhd^Fp, Gll^Fdw, Gd^Fdw
Hhd, Hhd, Md, Md, Md, Md, Md, Md, Md, Gll^Fdw, Gll^Emf, Gd^Edb, Hhd^Em, Gll^Em, Gd^Fdw, Hhd, Ds, Hhd^Em, Ds, Wwf^Es, Wwg, Wwf, Wwf, Wwf^Wkf, Hhd^Es, Wwrg, Hhd, Wwf, Wwf^Es, Ds^Edb, Ds, Ds^Em, Hhd^Em, Hhd, Hhd^Em, Hhd, Gll^Edb, Hhd, Gll^Es, Gd^Efm
Rr, Gd^Fp, Gd^Fdw, Hhd^Fp, Gd^Fp, Md, Md, Md^Xm, Gd^Fp, Gd^Fdw, Hhd^Fp, Hhd^Fp, Gd, Gll, Gll^Efm, Hhd, Ds^Edb, Wwg, Wwf, Wwrg, Wwrg, Wwf^Ewl, Wwf^Wkf, Wwg^Wkf, Hhd^Es, Hhd^Es, Hhd^Es, Hhd^Es, Hhd, Hhd^Fp, Hhd^Fp, Hhd^Fp, Hhd^Em, Hhd, Hhd^Fp, Hhd^Es, Gd^Edb, Gll^Edb, Gd, Gd
Rr, Gd^Fdw, Gd^Fdw, Gd^Fdw, Md, Hhd^Em, Hhd^Fp, Md, Hhd, Hhd^Em, Hhd, Md, Md, Gd^Edt, Re^Efm, Re, Wwf, Wwf, Wwf, Wwf, Wwrg, Wwg^Ewf, Wwg, Ds^Dr, Ds, Gd^Fdw, Hhd^Es, Rb, Hhd, Hhd, Hhd^Em, Hhd^Em, Hhd^Em, Hhd^Em, Hhd^Em, Hhd^Fp, Gd^Es, Gd^Edb, Gd^Edb, Gd^Edb
Gd^Fp, Gd^Fdw, Gd^Fp, Md, Gll^Fdw, Gd^Es, Gd^Efm, Hhd, Gd^Em, Hhd^Em, Hhd^Em, Md, Gd, Gd^Edt, Re, Wwrg, Wwf, Ds, Ds^Em, Wwg, Wwrg, Wwg, Hhd^Em, Wwg, Gll^Es, Rb, Aa^Feta, Aa, Aa, Ha, Hhd, Hhd^Em, Hhd^Esa, Hhd, Hhd^Em, Gll^Fdw, Hhd, Hhd^Em, Gll^Fdw, Gs^Fp
Gd^Fdw, Gll^Fdw, Gll^Fp, Gll^Fdw, Gd, Gd^Efm, Gd^Em, Gd^Em, Md, Gd^Efm, Gll^Emf, Gll, Gd^Ecf, Re, Gd^Dr, Wwg, Wwg^Ewl, Wwf^Es, Ds^Em, Wwg, Wwf, Hhd^Emf, Hhd^Em, Gd^Vh, Rb, Aa, Aa, Re, Gd^Esa, Hhd, Hhd, Hhd^Esa, Hhd^Emf, Hhd^Esa, Hhd^Esa, Hhd, Hhd, Hhd^Em, Hhd^Em, Hhd^Em
Gd, Gd^Fp, Gd^Ve, Gll^Fdw, Gd, Re^Esa, Re, Md, Md, Aa^Es, Aa^Esa, Gll^Edb, Gll^Edb, Gd^Edt, Gd^Edb, Ds, Wwg^Ewl, Wwg^Wkf, Ds, Wwrg, Wwf, Hhd^Em, Hhd, Gd, Gd^Efm, Aa, Re^Efm, Re^Esa, Gd, Gd^Esa, Hhd, Hhd^Em, Hhd, Hhd^Em, Hhd, Md, Hhd, Hhd^Em, Hhd, Hhd
Gd^Fp, Gd^Fp, Gd^Fp, Gd^Fp, Gd, Gll^Esa, Re^Em, Md, Md, Aa, Ch, Chr^Esa, Chr, Gd^Edt, Gd^Es, Gll^Fp, Wwg^Wkf, Wwf, Wwf^Ewl, Ds, Wwrg, Wwf, Wwf, Gll^Em, Rb^Efm, Aa, Re^Efm, Rb, Gd^Efm, Gd, Gll^Efm, Hhd, Hhd, Md, Md, Md^Xm, Md^Xm, Md, Md, Md
Gd, Rb, Rb, Rb, Gd^Em, Rb^Em, Md, Md, Aa, Aa, Ch^Esa, 2 Kh, Ch, Gd^Edb, Gll^Es, Wwg^Wkf, Wwf^Es, Wwf, Ds, Wwrg, Rb^Es, Wwf, Gll^Em, Gll^Em, Gll^Emf, Gd^Efm, Gd^Efm, Gd, Rb^Efm, Gll^Efm, Gll, Hhd^Efm, Hhd, Md^Xm, Md, Md, Md, Md^Xm, Md, Md
Gll, Gll, Gll, Gd^Efm, Rb, Rb^Em, Md, Aa, Aa, Aa, Aa, Ch^Esa, Gll^Es, Gd^Em, Re, Wwf, Ds, Ds, Gll^Es, Gll^Em, Hhd, Rb^Es, Gd^Em, Gd, Gd, Gd^Em, Gd, Gd, Gd^Em, Gll^Emf, Gll^Em, Hhd^Em, Hhd^Vhh, Hhd, Md, Md, Md, Md, Md^Xm, Md
Hhd^Em, Md, Gd^Efm, Gd^Em, Gll, Md, Aa^Esa, Aa, Hhd^Emf, Rb, Gll^Es, Gll^Es, Gll^Emf, Gll, Gd^Vh, Rb^Efm, Hhd, Md, Hhd, Hhd, Md, Hhd^Emf, Gd^Em, Gd, Gd^Efm, Gd^Em, Gd^Edt, Gll^Esd, Gll, Gll^Em, Gll^Edt, Hhd, Hhd, Hhd, Md^Xm, Md, Md, Md^Xm, Md^Xm, Md^Xm
Hhd^Em, Md, Md^Em, Gd^Efm, Gd, Gd^Edt, Aa, Md, Gd, Gd^Vh, Gd, Gll^Em, Gd^Efm, Re, Gll^Em, Md^Em, Md, Hhd, Md, Md, Md, Md, Md, Gd^Em, Gd^Edt, Gd^Em, Gd, Gd^Efm, Gd, Gll^Edt, Gll^Edt, Hhd, Md, Md, Md, Md, Hhd^Em, Md, Md, Md
Md, Hhd^Em, Hhd^Esa, Gd^Efm, Aa, Aa, Aa, Hhd^Esa, Gd^Esa, Rb, Rb, Rb, Gll^Em, Re^Efm, Gll^Em, Md, Md, Md, Md, Md, Md, Md, Md, Md, Gd^Vhr, Gll^Feth, Gd^Edt, Aa, Gd^Efm, Gll^Efm, Gd^Edt, Hhd, Md, Md, Md, Md, Hhd^Em, Md, Hhd^Em, Md
Md, Hhd, Md, Hhd, Ha, Ha, Aa, Ha, Hhd, Gd^Efm, Gd^Efm, Gd^Efm, Gll^Em, Rb, Md, Md, Md, Md, Md, Md, Md, Md, Gll^Fdw, Md, Gll^Fdw, Rb, Gd, Aa, Rb^Esa, Gd^Edt, Hhd, Hhd, Md, Md, Md^Xm, Md, Md, Hhd^Em, Md, Hhd
Md, Md^Xm, Md, Md, Ha^Esa, Hhd^Esa, Gll, Hhd, Gd^Efm, Gll^Em, Gll, Rb^Efm, Rb^Efm, Hhd, Aa, Md, Aa^Esa, Ai, Wwf, Wwf, Md, Gd, Gd^Fp, Md, Md, Gll, Gd^Em, Gd, Rb, Gd^Em, Hhd, Md^Xm, Md, Md, Md^Xm, Md^Xm, Md^Xm, Hhd, Hhd^Em, Hhd
Md, Md, Md^Xm, Hhd, Ha^Esa, Hhd^Em, Gll^Em, Gd, Hhd, Gd, Gd, Gll, Wwrg, Ai, Wwf, Aa^Esa, Wwf^Es, Wwf^Es, Wwf, Wwrg, Wwf^Ewl, Gll, Md, Gd^Fdw, Gd^Fp, Gll^Efm, Gd^Em, Gll, Rb, Gll^Em, Gd, Gd, Gd^Em, Md, Md, Md, Md, Hhd, Hhd, Md
Gd^Fp, Md, Md, Md, Gd, Gll^Em, Gd^Efm, Gd^Efm, Gll, Hhd^Es, Rb^Efm, Wwf, Wwf, Wwf, Wwf, Wwf, Wwf, Wwf^Ewl, Wwrg, Wwrg, Wwf^Wkf, Gll, Gll, Gll, Rb^Efm, Gll^Efm, Gd^Efm, Rb, Gd^Em, Gll^Em, Rb^Vhc, Gd, Gd, Md, Gd^Em, Md, Md, Hhd, Hhd, Md
Gd^Fp, Gd^Fp, Gll^Em, Gd, Gd, Gd, Gd^Efm, Aa, Gd^Efm, Gll^Em, Gll^Em, Rb, Rb^Efm, Rb^Efm, Rb, Wwf^Ewl, Wwf^Ewl, Wwrg, Wwg^Wkf, Wwf, Wwf, Wwf^Wkf, Gd^Edt, Gll, Gd^Efm, Gll^Fdw, Gll, Rb, Gd, Gd, Rb^Efm, Md, Gd, Gd, Gd^Fdw, Gll, Hhd, Hhd, Rb, Rb
Wwrg, Gll^Ve, Gd^Fdw, Gd^Fdw, Gll, Gd, Gd, Aa, Gll, Gd^Efm, Gll^Em, Hhd^Dr, Hhd^Dr, Hhd^Dr, Md, Rb, Rb^Efm, Wwg, Wwf^Wkf, Wwf, Wwf^Es, Ai, Ai^Esa, Gd^Edt, Gd^Esd, Gd, Gll, Rb, Gd^Efm, Gd^Es, Md, Gd^Fdw, Rb, Md, Gd^Fdw, Gd^Efm, Gd, Rb, Gll^Efm, Gll
Gd^Fp, Wwg, Gd^Fp, Gd^Fp, Ch, Gll^Es, Gll, Gll, Gd^Fdw, Gll, Gd^Efm, Hhd^Es, Md, Md^Xm, Md, Md, Md^Xm, Hhd, Wwf, Wwf, Ai, Ai^Esa, Aa^Esa, Gll^Edt, Gd^Esa, Gd^Efm, Gd^Efm, Gll, Chr^Efm, Chr, Ch, Rb^Efm, Md, Rb, Gd^Fdw, Gll^Em, Md, Gd^Edt, Gd^Edt, Gd^Edt
Wwg, Wwg^Wkf, Gll^Edt, Ch, 1 Kh, Ch^Es, Re^Es, Gd^Ecf, Gd, Rb, Gd^Efm, Hhd^Dr, Hhd, Md, Hhd^Edt, Md^Xm, Hhd^Edt, Hhd^Edt, Wwf^Es, Wwf, Ai, Aa, Aa, Aa^Esa, Wwf, Gd^Esa, Rr, Hhd^Efm, Chr^Efm, 3 Kh, Chr, Gll, Gll^Efm, Rb, Gll, Md, Md, Gd^Es, Md, Md
Gll^Fdw, Wwg^Wkf, Gd^Ve, Chr^Edt, Chr, Chr, Wwf, Re^Efm, Gd^Efm, Re, Hhd^Em, Hhd^Emf, Hhd^Em, Hhd, Hhd, Wwrg, Wwf^Es, Wwf^Es, Wwf^Wkf, Ai, Wwf, Wwf, Wwf, Wwf^Wkf, Rr, Rr, Rr, Rr, Rr^Es, Ch^Es, Gd^Fdw, Rr^Vhc, Hhd^Em, Hhd^Em, Hhd, Md, Md, Md, Md, Md
Wwrg, Gll^Fdw, Gd^Fdw, Gd^Fetd, Gll^Fmw, Wwf, Wwg, Wwf, Wwg^Wkf, Re, Re, Hhd^Vhh, Gd^Fdw, Md, Wwrg, Wwrg, Wwf^Wkf, Wwf, Re, Wwf, Wwf^Bw/, Ch, Gd^Edt, Rr, Gd^Efm, Gd^Efm, Hhd^Em, Hhd^Em, Rr^Vhc, Rr, Rr, Gd^Fdw, Rr, Rr, Rr, Md, Gd^Efm, Md, Md, Md
Wwrg, Rb, Rb^Em, Rb^Edt, Gd^Edb, Wwrg, Gd^Em, Gll^Fp, Gd^Fdw, Wwg^Wkf, Wwrg, Hhd^Fp, Re, Gll^Fp, Gll^Em, Re^Emf, Re^Em, Re, Rr, Wwf, Wwf, Gll, Gd^Efm, Gll, Gll, Hhd, Hhd^Em, Md, Md, Md, Md, Rr, Md, Hhd^Em, Hhd^Em, Rr, Rr, Gd^Es, Hhd, Hhd
Wwg, Gll^Emf, Gd^Edt, Gd^Edt, Rb^Es, Wwg, Gd^Em, Gd^Em, Gll^Fp, Wwg^Wkf, Wwrg, Re, Gd, Gll^Es, Gd, Gll^Es, Gll^Es, Rr, Gd^Fdw, Gll, Wwf^Es, Gll^Es, Gd^Efm, Gll^Fdw, Gd^Fp, Hhd^Em, Hhd^Em, Md, Md, Md, Md^Em, Hhd^Em, Hhd^Em, Md, Md, Hhd^Em, Md, Rr, Rr, Hhd
