Wog, Wog, Wog, Wwg, Wwg, Wwg, Wwg, Wwg, Wwg, Wwg, Wwg, Wwg, Wwrg, Wwg, Wwg, Wog, Wwg, Wog, Wog, Wwg, Wwg, Wog, Wwg, Wwg, Wwg, Wwg, Wwg, Wo, Wwg, Wog, Wog, Wog, Wog, Wog, Wog, Wog, Wog, Wog, Wog, Wog, Wog, Wog, Wog, Wog, Wog, Wog, Wog, Wog, Wog
Wog, Wog, Wog, Wwg, Wwg, Wwg, Wwg, Wwg, Ds, Wwg, Wwg, Wwrg, Wwg, Wwg, Wwg, Wog, Ds, Wwg, Wwg, Wog, Ds, Wwg, Wwrg, Wwrg, Wwrg, Wwg, Wwg, Wwrg, Wwrg, Wwg, Wwg, Wog, Wwg, Wog, Wwg, Wwg, Wwg, Wwg, Wog, Wog, Wog, Wog, Wog, Wog, Wog, Wog, Wog, Wog, Wog
Wog, Wog, Wog, Wwg, Wwg, Wwg, Wwg, Ds, Wwg, Ds, Ds, Wwg, Wwrg, Wwg, Ds, Gll, Gll^Fp, Ds, Gll^Fdf, Gd, Gd^Vh, Ds, Ds, Wwrg, Wwrg, Wwg, Ds, Wwrg, Wwg, Wwg, Wog, Wog, Wwrg, Wwrg, Wwrg, Wwrg, Wwrg, Wwg, Wwg, Wog, Wog, Wog, Wog, Wog, Wog, Wog, Wog, Wog, Wog
Wog, Wog, Wog, Wog, Wwg, Wwrg, Wwrg, Wwg, Re^Gvs, Re^Gvs, Gd, Wwg, Wwg, Wwg, Ds, Gd^Efm, Gd^Efm, Wwg, Gll^Fdf, Gll^Efm, Ch, Ch, Ds, Wwg, Wwg, Wwg, Ds, Ds, Ds, Wwg, Wwg, Wog, Wwg, Wwg, Wwg, Wwrg, Wwg, Wwg, Wog, Wog, Wog, Wog, Wog, Wog, Wog, Wog, Wog, Wog, Wog
Wog, Wog, Wog, Wog, Wwg, Wwrg, Wwrg, Wwg, Re^Gvs, Re^Gvs, Gll^Edt, Wwg, Gll^Fmw, Ds, Re^Gvs, Re^Gvs, Re^Gvs, Gll^Fp, Gd, Gll^Emf, Ch, 3 Kh, Ds, Wwg, Ds, Wwg, Gll^Fmw, Gd, Ds, Wwg, Wwg, Wog, Ds, Wwg, Ds, Wwg, Wog, Wog, Wog, Wog, Wog, Wog, Wog, Wog, Wog, Wog, Wog, Wog, Wog
Wog, Wog, Wog, Wog, Wwrg, Wwg, Wwg, Re^Gvs, Re^Gvs, Re^Gvs, Wwg, Gll^Fmw, Ds, Re^Gvs, Gll, Re^Gvs, Re^Gvs, Re^Gvs, Wwg, Ch, Gll, Ch, Wwg, Ds, Gd^Em, Wwg, Gll^Fmw, Gd^Efm, Rd, Ds, Ds, Wwg, Ds, Ds, Ds, Wwg, Ds, Wwg, Wwg, Wwg, Wog, Wog, Wog, Wog, Wog, Wog, Wog, Wog, Wog
Wog, Wog, Wog, Wog, Wwrg, Wwrg, Wwg, Re^Gvs, Wwg, Wwg, Wwg, Wwg, Ds, Gd^Vh, Gd^Fetd, Wwg, Wwg, Wwg, Wwg, Wwg, Re^Gvs, Wwg, Ds, Ds, Gd^Vht, Wwg, Gll^Fp, Rd, Gll^Fdw, Ds, Ds, Ds, Gll^Fdw, Gd, Gd^Efm, Ds, Chr, Wwg, Wwg, Wwg, Wog, Wog, Wog, Wog, Wog, Wog, Wog, Wog, Wog
Wog, Wog, Wog, Wog, Wwg, Wwg, Wwg, Wwg, Wwg, Wwg, Wwg, Wwg, Ds, Gd^Fmw, Gll^Fmw, Wwg, Wwg, Wwg, Gll^Fp, Re^Gvs, Re^Gvs, Wwg^Bw\, Ds, Gll^Fdw, Wwg, Wwg^Bw\, Gll^Fdf, Rd, Gll^Vht, Gll^Fdf, Rd, Gll^Fdw, Gll^Fp, Gll^Es, Gll^Fmw, Ds, Ds, Wwg, Wwrg, Wwg, Wwg, Wog, Wog, Wog, Wog, Wog, Wog, Wog, Wog
Wog, Wog, Wog, Wog, Wwg, Wwg, Wwg, Wwg, Wwg, Wwg, Ds, Ds, Gd^Em, Rd, Ch, Ch, Ch, Ds, Gll^Fdf, Re^Gvs, Gll^Fp, Wwg, Gll^Fdw, Gll^Fdw, Wwg^Bw\, Wwg, Gll^Fdf, Rr, Rr^Edt, Gll^Fdw, Wwg, Gll^Fp, Rp, Gll^Fp, Rp^Edt, Gll^Fmw, Ds, Wwrg, Wwg, Wwg, Wwg, Wwg, Wwg, Wog, Wog, Wog, Wog, Wog, Wog
Wog, Wog, Wog, Wog, Wwrg, Wwrg, Wwg, Ds, Ds, Ds, Wwg, Gd^Fmw, Gd^Em, Rd^Edt, Ch^Edt, Ch, Ch^Em, Gd^Em, Wwg, Gll^Fp, Gll^Fp, Wwg, Gd^Ft, Gd^Ft, Wwg, Gll^Fdf, Gd, Rr^Edt, Rr, Gll^Fdw, Rp, Rp, Rp^Em, Rp^Edt, Rr^Vhc, Rp^Edt, Rr, Ww^Bw/, Wwrg, Wwrg, Hhd^Fdf, Wwrg, Wwrg, Wwg, Wog, Wog, Wog, Wog, Wog
Wog, Wog, Wog, Wog, Wog, Wwrg, Wwrg, Wwg, Wwg, Ds, Ds, Gll^Fmw, Gd, Hhd^Em, Ch^Edt, 2 Kh, Gd^Em, Ch, Ch, Hhd^Fdf, Hhd^Fp, Wwg^Ewf, Gll^Fp, Wwg, Gll^Fmw, Gd, Gll, Gll^Fdw, Rp, Rp, Rr^Vhc, Rp, Rp^Efm, Wwg, Wwg, Rp, Gll^Fdw, Ds, Hhd, Hhd, Hhd^Fdf, Wwg, Wwg, Wwg, Wog, Wog, Wog, Wog, Wog
Wog, Wog, Wog, Wog, Wog, Wog, Wwg, Wwg, Wwg, Wwg, Wwg, Ds, Ds, Ch, Ch^Edt, Hhd, Ch, Ch, Gll, Hhd, Re^Gvs, Wwg^Ewl, Gd, Gll^Fmw, Wwg, Gll^Fmw, Gll^Es, Ket, Rr, Rp, Rr, Rr^Edt, Rr, Rr^Edt, Wwg, Gll^Fdw, Gs^Fdf, Hhd^Em, Hhd^Fdf, Hhd^Fdf, Hhd, Wwg, Wwg, Wwg, Wwg, Wog, Wog, Wog, Wog
Wog, Wog, Wog, Wog, Wog, Wog, Wwg, Wwg, Wwrg, Wwrg, Wwg, Wwg, Ds, Re^Gvs, Re^Gvs, Ch, Re^Gvs, Ch, Gll^Fet, Re^Gvs, Re^Gvs, Re^Gvs, Gd^Vc, Gll^Fmw, Rr, Rr, Rr, Rr, Ket, Rp, Rr^Vhc, Rp, Gll^Fp, Rp, Gll^Fp, Gll^Fmw, Wwg, Hhd^Em, Hhd^Em, Hhd, Wwg, Wwg, Wwg, Wwg, Wwg, Wog, Wog, Wog, Wog
Wog, Wog, Wog, Wog, Wog, Wog, Wog, Wwg, Wwrg, Wwg, Wwrg, Wwg, Wwg, Re^Gvs, Re^Gvs, Re^Gvs, Re^Gvs, Gll^Vht, Gll^Fdf, Re^Gvs, Rd, Re^Gvs, Gll^Fdf, Rr, Gd^Efm, Gd^Vht, Gs^Es, Gs^Edt, Gll^Fdw, Gll^Fdf, Gd^Fdf, Rp, Gll^Es, Wwg, Wwg, Gll^Fdf, Gll^Fmw, Ds, Ds, Wwg, Wwrg, Wwrg, Wwg, Wwg, Wog, Wog, Wog, Wog, Wog
Wog, Wog, Wog, Wog, Wog, Wog, Wog, Wog, Wwrg, Wwrg, Wwg, Wwg, Ds, Ds, Rd, Rd, Gll^Fp, Gll^Fp, Gll^Fp, Gd, Gd, Gll^Fdf, Rd, Gd^Efm, Gs^Vc, Gd, Hhd, Gs, Gll, Gll^Vh, Gll^Fdw, Gd^Es, Gll, Gll^Fdw, Gll^Fdf, Gll^Fdf, Gll^Fmw, Ds, Ds, Wwrg, Wwg, Wwrg, Wwg, Wwg, Wwg, Wog, Wog, Wog, Wog
Wog, Wog, Wog, Wog, Wog, Wog, Wog, Wog, Wwg, Wwg, Wwg, Wwg, Ket, Gd^Vht, Gll^Fet, Gll^Fdf, Gll^Fdf, Wwg, Rd, Gll^Fdf, Rr, Rr, Gll, Gs^Efm, Gs^Efm, Hhd, Md^Xm, Hhd, Hhd^Fdf, Gll^Fdf, Gll^Fdf, Gll^Fp, Gd^Es, Gll^Fdw, Gll^Fdw, Gll^Fdf, Gll^Fdf, Gll^Fmw, Hhd, Hh, Hh, Wwg, Wwg, Wwg, Wwg, Wog, Wog, Wog, Wog
Wog, Wog, Wog, Wog, Wog, Wog, Wog, Wwrg, Wwg, Wwg, Wwg, Ds, Gll^Fp, Gll^Fp, Gd, Gd, Gd^Efm, Rd, Gd^Edt, Rd, Gs, Gll, Hhd, Gll, Gll, Md, Md, Md, Md, Hh^Fdf, Gs^Fdf, Wwg, Gd^Es, Gll, Gs^Fdf, Gll^Fdf, Gd, Gll^Efm, Hh^Fp, Hhd, Hh^Fp, Hhd, Wwg, Wwg, Wwg, Wwg, Wog, Wog, Wog
Wog, Wog, Wog, Wog, Wog, Wog, Wog, Wwrg, Wwrg, Wwrg, Wwg, Ds, Gll^Vh, Gd, Gd, Gll^Fdf, Gd^Efm, Rd, Gd^Vh, Gs^Efm, Hhd, Hhd, Hhd, Md, Ss, Md, Md, Md, Md, Hh^Fdf, Gll^Fdf, Gs^Fdf, Gll^Fdf, Gd, Gd, Gd, Gll^Efm, Gll, Hh, Hhd^Fds, Hhd^Fp, Hhd, Wwg, Wwg, Wwg, Wwg, Wog, Wog, Wog
Wog, Wog, Wog, Wog, Wog, Wog, Wog, Wog, Wwg, Wwrg, Wwg, Wwg, Ds, Gll, Gll, Gd^Efm, Hh, Rp, Hhd^Em, Ket, Hhd, Md, Md, Md, Wwg, Wwg, Wwg, Hhd, Md, Hh^Em, Gll, Gll^Vh, Gll, Wwg, Gll, Gll, Gd, Gd^Efm, Gd^Efm, Hhd, Wwrg, Wwrg, Wwrg, Wwg, Wwrg, Wog, Wog, Wog, Wog
Wog, Wog, Wog, Wog, Wog, Wog, Wwrg, Wwrg, Wwg, Wwg, Wwg, Ds, Wwg, Ket, Rd, Hh, Gs, Rp, Hhd^Em, Hhd^Emf, Hhd^Em, Md, Hhd^Em, Wwg, Ds, Ss, Ss, Hh, Md, Gll^Emf, Hh^Em, Gll, Ket, Gll, Ket, Gll^Es, Gs^Fdf, Ds, Ds, Wwg, Wwg, Wwrg, Wwg, Wwg, Wwrg, Wwrg, Wog, Wog, Wog
Wog, Wog, Wog, Wog, Wog, Wog, Wwrg, Wwrg, Wwrg, Wwg, Wwg, Ds, Ds, Rd, Gd^Em, Gd^Em, Gll^Es, Rd, Hhd, Hhd^Em, Hhd, Hhd^Em, Ds, Ds, Ss, Wwg, Wwg, Wwg, Md, Md, Hh, Gll^Em, Gll, Rr, Gd, Gll, Gs^Fdf, Gd, Ds, Wwg, Wwg, Wwrg, Chr, Wwg, Wwg, Wwg, Wwg, Wwg, Wwg
Wog, Wog, Wog, Wog, Wog, Wog, Wog, Wog, Wwrg, Wwg, Wwrg, Wwg, Wwg, Ds, Ds, Gd, Gd, Rp, Gd, Hhd, Hhd, Md, Md, Ds, Ss, Ss, Ss, Ds, Hh^Em, Hh, Hhd^Emf, Hh, Gll^Em, Rr, Rr, Gd, Gd, Gll^Fdf, Gd^Vhr, Wwg, Wwrg, Wwrg, Wwg, Chr, Chr^Edt, Wwg, Wwg, Wwg, Wwg
Wog, Wog, Wog, Wog, Wog, Wog, Wog, Wog, Wwg, Wwg, Wwg, Wwg, Wwg, Wwg, Ds, Gd^Vhr, Gd^Edt, Rp, Gs^Efm, Hhd^Em, Hhd, Hhd, Hhd, Hhd, Wwg, Ds, Ds, Ss, Mm^Xm, Hh, Hhd^Em, Hhd^Em, Gd, Gll^Em, Gd^Efm, Rr, Rr, Gd^Fdf, Rb, Ds, Rp^Edt, Wwg, 1 Khr, Rd^Edt, Rd^Edt, Wwg, Wwrg, Wwg, Wog
Wog, Wog, Wog, Wog, Wog, Wog, Wog, Wog, Wog, Wwg, Wwg, Wwg, Wwg, Wwg, Wwg, Ds, Ds, Rp, Rp, Ket, Gll^Em, Hhd, Md, Md^Xm, Ss, Ss, Ss, Mm^Xm, Mm, Gd^Vhr, Gs, Gd^Efm, Rr, Rr, Rr, Rr, Rr^Es, Gd^Efm, Ds, Rb^Edt, Wwg, Ch^Edt, Rd, Ch, Rp, Rp, Wwg, Wwg, Wwg
Wog, Wog, Wog, Wog, Wog, Wog, Wog, Wog, Wog, Wog, Wwrg, Wwg, Wwg, Wwg, Wwg, Wwg, Ds, Ket, Gd, Rp, Gll^Em, Hhd^Em, Hhd, Md, Ss, Wwg, Mm, Mm, Mm, Gd, Gs, Gll^Es, Gd, Gll, Gd^Es, Gd^Es, Rr, Rr, Wwg, Ds, Rp^Edt, Ch^Edt, Chr, Ch, Chr, Rp, Wwg, Wwg, Wwg
Wog, Wog, Wog, Wog, Wog, Wog, Wog, Wog, Wog, Wog, Wwrg, Wwrg, Wwrg, Wwg, Wwg, Wwg, Ds, Gd, Gll^Fdf, Rd, Gll, Hhd^Emf, Hhd^Edt, Ss, Ss, Mm, Mm, Hh, Hh, Gll, Gs, Ket, Gd, Gd, Gd^Efm, Gd, Ds, Ds, Chr, Rp, Rp^Edt, Chr, Rd, Rp^Edt, Rp, Rd, Wwg, Wwg, Wwg
Wog, Wog, Wog, Wog, Wog, Wog, Wog, Wog, Wog, Wog, Wwrg, Wwrg, Wwg, Wwg, Chr, Wwg, Wwg, Gll^Fdf, Gll^Fdf, Gll^Fdf, Rp, Gll^Edt, Gll^Edt, Hhd, Wwg, Hhd^Vhhr, Mm, Mm, Hh, Gs, Gd^Efm, Gd^Efm, Gs^Efm, Rd, Rd, Gll^Efm, Ds, Wwg, Wwg, Wwg, Gll^Fdw, Re, Rd, Chr, Chr, Rd, Wwg, Wwrg, Wwrg
Wog, Wog, Wog, Wog, Wog, Wog, Wog, Wog, Wog, Wwg, Wwg, Wwg, Wwg, Ds, Ss, Wwg, Wwg, Ds, Gll^Fdf, Gd^Fetd, Gd, Gll^Es, Gd^Edt, Hhd^Emf, Chw, Mm, Hh, Mm, Gll, Gll, Gd^Es, Gd^Es, Gd, Gll, Gd, Rd, Ds, Wwg, Ss, Gll^Fdw, Ss, Chr, Ds, Chr, Wwg, Wwg, Wwg, Wwrg, Wwg
Wog, Wog, Wog, Wog, Wwg, Wog, Wwg, Wwg, Wwrg, Wog, Wog, Wwg, Ss, Ds, Sm, Ss, Ds, Ds, Gll^Fdf, Gll^Fdf, Gd^Efm, Gll^Es, Wwg, Chw, Wwg, Hh, Rd, Hh, Rd, Gd, Rd, Ket, Gll^Es, Gll, Rb, Rb, Rb, Gll^Fdw, Ss, Ss, Ss, Gll^Fdw, Gll^Fdw, Ds, Wwg, Wwg, Wwg, Wwg, Wwg
Wog, Wog, Wwg, Wwg, Wwg, Wwg, Wwg, Wwrg, Wwrg, Wwg, Wwg, Wwg, Gll^Es, Sm, Sm, Ss, Ds, Gll^Emf, Gd^Em, Rd^Em, Gd^Efm, Wwg, Ds, 4 Khs, Chr, Chr, Gd, Rd, Gll^Fdf, Rd, Ket, Rd, Rd, Rd, Rb, Rb, Sm, Sm, Rb, Ss, Ss, Ss, Gll^Fmw, Ds, Ds, Wwg, Wwg, Wwg, Wwg
Wog, Wog, Wwg, Wwg, Wwg, Wwg, Ds, Ds, Gll^Fdf, Wwg, Gll^Fdf, Chr, Re, Gll^Fmw, Re, Ds, Wwg, Gll^Em, Rd, Ss, Ss, Wwg, Ss, Ss, Gll^Fdf, Gd, Gll^Fdf, Gd, Gll^Fdf, Gll, Gll^Es, Gd^Es, Rd, Re, Rb^Em, Sm, Re, Rb^Fdw, Ss, Rb^Fdw, Sm, Gll^Fmw, Wwg, Dd, Chr, Dd, Wog, Wwg, Wog
Wog, Wog, Wwg, Wwg, Wwg, Wwg, Gll^Emf, Gll^Fdf, Ds, Gll^Fdf, Gll^Fdf, Sm, Sm, Re^Es, Chr^Dr, Hh^Dr, Hh^Dr, Rp, Gll^Edt, Ss, Gll^Es, Ss, Sm, Gll^Fp, Gll^Fdf, Wwg, Gll^Fdf, Gd^Fp, Ss, Gll^Fdf, Rd, Gd, Rd^Em, Gd^Em, Rd^Emf, Chr, Ss, Sm, Ss, Rb, Sm, Gll^Fmw, Wwg, Dd, Dd, Dd, Wwg, Wog, Wog
Wwg, Wwrg, Wwg, Wwg, Ds^Es, Ds^Es, Gll^Fp, Ds, Ss, Ds, Ds, Ds^Es, Chr^Edt, Chr, Chr^Dr, Rp^Vhcr, Wwg, Wwg^Ii, Wwg, Rd, Sm, Ss, Sm, Gll, Gll^Fp, Gll^Fdf, Ss, Ss, Wwg, Ss, Gll^Fdf, Rd, Rd^Es, Rd, Chr, Chr, Ss, Sm, Re, Ss, Ss, Ss, Ds, Wwg, Wwrg, Wwg, Wwg, Wog, Wog
Wwg, Wwrg, Wwrg, Wwg, Ds, Gll^Fdf, Gll^Fdf, Wog, Ss, Ss, Ss, Ds, Chr^Edt, Hhd^Dr, Chr^Edt, Rr^Edt, Wwg, Wog, Wwg, Gll^Es, Gll^Emf, Sm, Wwg, Gll, Gll^Fdf, Gll^Fdf, Gll^Fdf, Gll^Fp, Gd^Fdf, Wwg, Rd, Gll^Fdf, Rp^Vhcr, Rd, Chr, 5 Khr, Ss, Ss, Re, Re^Fdw, Rb^Fdw, Rb^Fdw, Ds, Wwg, Wwrg, Wwrg, Wwg, Wog, Wog
Wwrg, Wwg, Wwg, Wwg, Wwg, Ds, Gll^Fp, Ss, Ds, Ds, Gd^Efm, Hhd^Dr, Rp^Vhcr, Sm, Wwg, Ss, Ss, Wwg, Rr, Re, Gd^Efm, Wwg, Wwg, Ds, Gll^Fdf, Gll^Fp, Gll^Fp, Gll^Fdf, Gd^Fp, Gd^Fp, Rd, Gll^Fdf, Rd^Edt, Rd, Chr, Chr^Edt, Re^Edt, Ss, Ss, Rb, Ss, Ss, Ds, Wog, Wog, Wwg, Wog, Wog, Wog
Wo, Wwg, Wwg, Wwg, Wwg, Ds, Ds, Gll^Fp, Gll^Fet, Sm, Ss, Gd^Es, Re, Ss, Ss, Ss, Wwg, Rp^Vhcr, Wwg, Re^Em, Ss, Gll^Edt, Wwg, Ds, Gll^Fdf, Wwg, Gll^Fp, Gd^Fp, Wwg, Wwg, Wwg, Gll^Fp, Rd, Rd^Edt, Gs, Re, Ds, Ds, Gll^Fdf, Re, Sm, Sm, Sm, Wwg, Gll^Fdw, Wog, Wog, Wog, Wog
Wwrg, Wwg, Wwg, Wwg, Wwg, Wwg, Wwg, Ds, Gll^Fmw, Wog, Gll^Fmw, Gd^Emf, Ds, Wwg, Ss, Wwg, Wwg, Wwg, Wwg, Ss, Wwg, Wwg, Wwg, Sm, Gll^Fdf, Gll^Fp, Gll^Fdf, Wwg, Ds, Ds, Ds, Gll^Fp, Gll^Fp, Gll, Rd, Gll^Fp, Gll^Fdf, Gll^Fdf, Gll^Fp, Gll^Fdf, Re, Ds, Ds, Gll^Fmw, Wwg, Wwg, Wwg, Wog, Wog
Wwrg, Wwrg, Wwg, Wwg, Wwg, Wwg, Wwg, Wwg, Chr, Gll^Fmw, Ss, Gll^Fp, Gll^Fms, Ds, Wwg, Gll, Ss, Wwg, Ss, Ss, Wwg, Ss, Ss, Sm, Gll, Gll^Fdf, Ds, Ds, Ss, Ss, Gll^Edt, Wwg, Gll^Fdf, Gd^Edt, Ss, Gd, Gd^Em, Gll^Fdf, Gll^Fdf, Gll^Fp, Ds, Chr, Wwg, Ds, Wog, Wwg, Wwg, Wog, Wog
Wog, Wog, Wog, Wwg, Wwg, Wwg, Wwg, Wwg, Ds, Ss, Gll^Fmw, Gll^Fmw, Wwg, Gll^Fds, Wwrg, Wwg, Ss, Wwg, Wwg, Ss, Wwrg, Wwg, Wwg, Wog, Wwg, Gll^Fdf, Wwg, Wwg, Gll^Fdf, Gll, Gs, Gs^Edt, Gs, Gd^Emf, Gll^Fdf, Gll^Fdf, Gll^Fdf, Gd, Gll^Fp, Rb, Ds, Wwg, Wwg, Wwg, Wog, Wog, Wog, Wog, Wog
Wog, Wog, Wog, Wwg, Wwg, Wwg, Wwrg, Wwrg, Wwg, Ds, Wwg, Wwg, Wwg, Ss, Wwrg, Wwg, Wwg, Ss, Wwg, Wwg, Wwg, Wwrg, Wwg, Wog, Wwg, Ds, Wwg, Ds, Ds, Gll^Fp, Gll^Fdf, Gll^Fp, Chr, Gll^Em, Wwg, Wwg, Wwg, Gd, Gll^Fdf, Gll^Fdf, Ds, Wwg, Wwrg, Wwrg, Wwg, Wwg, Wog, Wog, Wog
Wog, Wog, Wog, Wog, Wog, Wog, Wwrg, Wwrg, Wwrg, Wwg, Wwg, Wwrg, Wog, Wwrg, Wwrg, Wwrg, Wwrg, Wog, Wog, Wwrg, Wwg, Wwg, Wog, Wog, Wwg, Wwg, Wwg, Ds, Ds, Ds, Ds, Ds, Ds, Gll^Fp, Wwg, Gll^Fp, Gll^Em, Wwg, Gd, Gll^Fp, Ds, Wwg, Wwrg, Wwg, Wog, Wog, Wog, Wog, Wog
Wog, Wog, Wog, Wog, Wog, Wog, Wwrg, Wwrg, Wog, Wwg, Wwrg, Wwrg, Wog, Wog, Wog, Wog, Wog, Wog, Wog, Wog, Wog, Wog, Wog, Wog, Wwg, Wwg, Wwg, Wwg, Wwg, Wwg, Wwg, Wwg, Wwg, Ds, Gll^Fdf, Gll^Emf, Gd, Gll^Fp, Ds, Gll^Fp, Ds, Wwg, Wwg, Wwrg, Wog, Wog, Wog, Wog, Wog
Wog, Wog, Wog, Wog, Wog, Wog, Wog, Wog, Wog, Wwg, Wog, Wog, Wog, Wog, Wog, Wog, Wog, Wog, Wog, Wog, Wog, Wog, Wog, Wog, Wwg, Wwg, Wwg, Wwg, Wwg, Wwg, Wwrg, Wwg, Wwrg, Ds, Ds, Chr, Ds, Ds, Wwg, Ds, Wwg, Wwg, Wwrg, Wwrg, Wwg, Wog, Wog, Wog, Wog
Wog, Wog, Wog, Wog, Wog, Wog, Wog, Wog, Wog, Wog, Wog, Wog, Wog, Wog, Wog, Wog, Wog, Wog, Wog, Wog, Wog, Wog, Wog, Wog, Wog, Wwg, Wwg, Wwg, Wwg, Wwg, Wog, Wwrg, Wwrg, Wwg, Wwg, Ds, Wwg, Wwg, Wwrg, Wwrg, Wwrg, Wwg, Wwrg, Wwrg, Wwg, Wog, Wog, Wog, Wog
Wog, Wog, Wog, Wog, Wog, Wog, Wog, Wog, Wog, Wog, Wog, Wog, Wog, Wog, Wog, Wog, Wog, Wog, Wog, Wog, Wog, Wog, Wog, Wog, Wog, Wog, Wog, Wog, Wog, Wog, Wog, Wog, Wwg, Wwrg, Wwrg, Wwg, Wwg, Wwrg, Wwrg, Wwg, Wog, Wwg, Wog, Wwg, Wog, Wog, Wog, Wog, Wog
Wog, Wog, Wog, Wog, Wog, Wog, Wog, Wog, Wog, Wog, Wog, Wog, Wog, Wog, Wog, Wog, Wog, Wog, Wog, Wog, Wog, Wog, Wog, Wog, Wog, Wog, Wog, Wog, Wog, Wog, Wog, Wog, Wog, Wog, Ww, Wog, Wwg, Wog, Wog, Wog, Wog, Wog, Wog, Wog, Wog, Wog, Wog, Wog, Wog
