Xos, Xos, Xos, Xos, Xos, Xos, Xos, Xos, Xos, Xos, Xos, Xos, Xos, Xos, Xos, Xos, Xos, Xos, Xos, Xos, Xos^Efs, Xos, Xos^Efs, Xos, Xos, Xos, Xos, Xos, Xos, Xos, Xos, Xos, Xos, Xos, Xos, Xos, Xos, Xos
Xos, Xos, Xos, Xos, Xos, Xos, Xos, Xos, Xos, Xos, Xos, Xos, Xos, Xos, Xos, Xos, Xos, Xos, Xos^Efs, Xos^Efs, Wwg^Qhh, Xos^Efs, Wwg^Qhh, Xos^Efs, Xos^Efs, Xos^Efs, Xos, Xos, Xos, Xos, Xos, Xos, Xos, Xos, Xos, Xos, Xos, Xos
Xos, Xos, Xos, Xos, Xos, Xos, Xos, Xos, Xos, Xos, Xos, Xos, Xos, Xos, Xos, Xos, Xos^Efs, Xos^Efs, Wwg^Qhh, Wwg^Qhh, Isa^Qhh, Wwg^Qhh, Isa^Qhh, Isa^Qhh, Isa^Qhh, Xos^Efs, Xos^Efs, Xos, Xos, Xos, Xos, Xos, Xos, Xos, Xos, Xos, Xos, Xos
Xos, Xos, Xos^Efs, Xos^Efs, Xos^Efs, Xos^Efs, Xos^Efs, Xos^Efs, Xos^Efs, Xos, Xos, Xos, Xos, Xos, Xos^Efs, Xos^Efs, Isa^Qhh, Isa^Qhh, Isa^Qhh, Isa^Qhh, Isa^_mh, Isa^Qhh, Uu^Qhh, Isa^Qhh, Isa^Qhh, Isa^Qhh, Isa^Qhh, Xos^Efs, Xos^Efs, Xos, Xos, Xos, Xos, Xos, Xos, Xos, Xos, Xos
Xos^Efs, Xos^Efs, Isa^Qhh, Ur^Qhh, Ur^Qhh, Ur^Qhh, Isa^Qhh, Isa^Qhh, Xos^Efs, Xos^Efs, Xos^Efs, Xos^Efs, Xos^Efs, Xos^Efs, Isa^Qhh, Isa^Qhh, Isa^Qhh, Isa^Qhh, Xos^Efs, Wwg^Qhh, Isa^Qhh, Uu^Qhh, Xos^Efs, Uu^Qhh, Uu^Qhh, Isa^Qhh, Isa^Qhh, Isa^Qhh, Isa^Qhh, Xos^Efs, Xos^Efs, Xos, Xos, Xos, Xos, Xos, Xos, Xos
Xos^Efs, Isa^Qhh, Isa^Qhh, Isa^Qhh, Isa^_mh, Isa^Qhh, Isa^Qhh, Isa^Qhh, Isa^Qhh, Xos^Efs, Xos^Efs, Xos^Efs, Isa^Qhh, Isa^Qhh, Isa^Qhh, Isa^Qhh, Xos^Efs, Xos^Efs, Wwg^Qhh, Wwg^Qhh, Isa^Qhh, Uu^Qhh, Uu^Qhh, Xos^Efs, Xos^Efs, Uu^Qhh, Uu^Qhh, Isa^Qhh, Isa^Qhh, Isa^Qhh, Isa^Qhh, Xos^Efs, Xos^Efs, Xos, Xos, Xos, Xos, Xos
Xos^Efs, Isa^Qhh, Xos^Efs, Xos^Efs, Xos^Efs, Xos^Efs, Xos^Efs, Isa^Qhh, Urb^Qhh, Urc^Qhh, Xos^Efs, Urc^Qhh, Isa^Qhh, Isa^Qhh, Xos^Efs, Xos^Efs, Wwg^Qhh, Wwg^Qhh, Isa^Qhh, Isa^Qhh, Xos^Efs, Isa^Qhh, Isa^Qhh, Uu^Qhh, Urb^Qhh, Xos^Efs, Xos^Efs, Uu^Qhh, Uu^Qhh, Isa^Qhh, Isa^Qhh, Isa^Qhh, Xos^Efs, Xos, Xos, Xos, Xos, Xos
Xos^Efs, Isa^Qhh, Urb^Qhh, Isa^Qhh, Isa^Qhh, Isa^Qhh, Urb^Qhh, Urb^Qhh, Xos^Efs, Xos^Efs, Xos^Efs, Xos^Efs, Xos^Efs, Xos^Efs, Isa^Qhh, Isa^Qhh, Isa^Qhh, Isa^Qhh, Xos^Efs, Xos^Efs, Ur^Qhh, Isa^Qhh, Isa^Qhh, Isa^Qhh, Isa^Qhh, Urb^Qhh, Urb^Qhh, Xos^Efs, Xos^Efs, Uu^Qhh, Uu^Qhh, Isa^Qhh, Xos^Efs, Xos, Xos, Xos, Xos, Xos
Xos^Efs, Isa^Qhh, Xos^Efs, Urb^Qhh, Urb^Qhh, Urb^Qhh, Xos^Efs, Urb^Qhh, Xos^Efs, Xos, Xos, Xos^Efs, Isa^Qhh, Isa^Qhh, Isa^Qhh, Isa^Qhh, Xos^Efs, Xos^Efs, Uu^Qhh, Ur^Qhh, Isa^Qhh, Isa^Qhh, Xos^Efs, Isa^Qhh, Isa^Qhh, Isa^Qhh, Isa^Qhh, Urb^Qhh, Urb^Qhh, Xos^Efs, Xos^Efs, Uu^Qhh, Xos^Efs, Xos, Xos, Xos, Xos, Xos
Xos^Efs, Isa^Qhh, Isa^Qhh, Xos^Efs, Xos^Efs, Xos^Efs, Isa^Qhh, Urb^Qhh, Xos^Efs, Xos, Xos, Xos^Efs, Isa^Qhh, Isa^Qhh, Xos^Efs, Xos^Efs, Uu^Qhh, Uu^Qhh, Isa^Qhh, Isa^Qhh, Isa^Qhh, Isa^Qhh, Isa^Qhh, Xos^Efs, Xos^Efs, Isa^Qhh, Isa^Qhh, Isa^Qhh, Isa^Qhh, Urb^Qhh, Urb^Qhh, Xos^Efs, Xos^Efs, Xos, Xos, Xos, Xos, Xos
Xos^Efs, Isa^Qhh, Isa^Qhh, Isa^Qhh, Isa^Qhh, Isa^Qhh, Isa^Qhh, Urb^Qhh, Xos^Efs, Xos, Xos, Xos^Efs, Xos^Efs, Xos^Efs, Uh^Qhh, Uu^Qhh, Isa^Qhh, Isa^Qhh, Xos^Efs, Xos^Efs, Isa^Qhh, Isa^Qhh, Isa^Qhh, Isa^Qhh, Isa^Qhh, Xos^Efs, Xos^Efs, Isa^Qhh, Isa^Qhh, Isa^Qhh, Isa^Qhh, Urb^Qhh, Xos^Efs, Xos, Xos, Xos, Xos, Xos
Xos^Efs, Isa^Qhh, Xos^Efs, Isa^Qhh, Isa^Qhh, Isa^Qhh, Xos^Efs, Xos^Efs, Xos^Efs, Xos, Xos, Xos^Efs, Uh^Qhh, Uh^Qhh, Isa^Qhh, Isa^Qhh, Xos^Efs, Xos^Efs, Ur^Qhh, Ur^Qhh, Isa^Qhh, Isa^Qhh, Xos^Efs, Isa^Qhh, Isa^Qhh, Isa^Qhh, Isa^Qhh, Xos^Efs, Xos^Efs, Isa^Qhh, Isa^Qhh, Urb^Qhh, Xos^Efs, Xos, Xos, Xos, Xos, Xos
Xos, Xos^Efs, Xos, Xos^Efs, Xos^Efs, Xos^Efs, Xos, Xos, Xos, Xos, Xos, Xos^Efs, Isa^Qhh, Isa^Qhh, Xos^Efs, Xos^Efs, Uu^Qhh, Uu^Qhh, Isa^Qhh, Isa^Qhh, Xos^Efs, Xos^Efs, Ur^Qhh, Isa^Qhh, Isa^Qhh, Isa^Qhh, Isa^Qhh, Isa^Qhh, Isa^Qhh, Xos^Efs, Xos^Efs, Urb^Qhh, Xos^Efs, Xos, Xos, Xos, Xos, Xos
Xos, Xos, Xos, Xos, Xos, Xos, Xos, Xos, Xos, Xos, Xos, Xos^Efs, Xos^Efs, Xos^Efs, Uh^Qhh, Uu^Qhh, Isa^Qhh, Isa^Qhh, Xos^Efs, Xos^Efs, Uu^Qhh, Ur^Qhh, Isa^Qhh, Isa^Qhh, Xos^Efs, Xos^Efs, Isa^Qhh, Isa^Qhh, Wwg^Qhh, Isa^Qhh, Isa^Qhh, Xos^Efs, Xos^Efs, Xos, Xos, Xos, Xos, Xos
Xos, Xos, Xos, Xos, Xos, Xos, Xos, Xos, Xos, Xos, Xos, Xos^Efs, Uh^Qhh, Uh^Qhh, Isa^Qhh, Isa^Qhh, Xos^Efs, Xos^Efs, Uu^Qhh, Uu^Qhh, Isa^Qhh, Isa^Qhh, Xos^Efs, Xos^Efs, Isa^Qhh, Isa^Qhh, Wwg^Qhh, Wwg^Qhh, Xos^Efs, Wwg^Qhh, Isa^Qhh, Isa^Qhh, Xos^Efs, Xos, Xos, Xos, Xos, Xos
Xos, Xos, Xos, Xos, Xos, Xos, Xos, Xos, Xos, Xos, Xos, Xos^Efs, Xos^Efs, Isa^Qhh, Xos^Efs, Xos^Efs, Uh^Qhh, Uh^Qhh, Isa^Qhh, Isa^Qhh, Xos^Efs, Xos^Efs, Isa^Qhh, Isa^Qhh, Isa^Qhh, Wwg^Qhh, Xos^Efs, Xos^Efs, Wwg^Qhh, Wwg^Qhh, Isa^Qhh, Isa^Qhh, Xos^Efs, Xos, Xos, Xos, Xos, Xos
Xos, Xos, Xos, Xos, Xos, Xos, Xos, Xos, Xos, Xos, Xos, Xos, Xos, Xos^Efs, Xos^Efs, Uh^Qhh, Isa^Qhh, Isa^Qhh, Xos^Efs, Xos^Efs, Isa^Qhh, Isa^Qhh, Isa^Qhh, Isa^Qhh, Xos^Efs, Xos^Efs, Wwg^Qhh, Wwg^Qhh, Isa^Qhh, Isa^Qhh, Xos^Efs, Xos^Efs, Xos, Xos, Xos, Xos, Xos, Xos
Xos, Xos, Xos, Xos, Xos, Xos, Xos, Xos, Xos, Xos, Xos, Xos, Xos, Xos, Xos, Xos^Efs, Xos^Efs, Isa^Qhh, Xos^Efs, Isa^Qhh, Xos^Efs, Isa^Qhh, Isa^Qhh, Xos^Efs, Wwg^Qhh, Wwg^Qhh, Isa^Qhh, Isa^Qhh, Xos^Efs, Xos^Efs, Xos, Xos, Xos, Xos, Xos, Xos, Xos, Xos
Xos, Xos, Xos, Xos, Xos, Xos, Xos, Xos, Xos, Xos, Xos, Xos, Xos, Xos, Xos, Xos, Xos^Efs, Xos^Efs, Uu, Xos^Efs, Uu, Xos^Efs, Isa, Xos^Efs, Xos^Efs, Xos^Efs, Xos^Efs, Xos^Efs, Xos, Xos, Xos, Xos, Xos, Xos, Xos, Xos, Xos, Xos
Xos, Xos, Xos, Xos, Xos, Xos, Xos, Xos, Xos, Xos, Xos, Xos, Xos, Xos, Xos, Xos, Xos^Efs, Uu, Urb, Uu, Wwf, Wwg, Wwg, Isa, Isa, Isa, Isa, Xos^Efs, Xos^Efs, Xos, Xos, Xos, Xos, Xos, Xos, Xos, Xos, Xos
Xos, Xos, Xos, Xos, Xos, Xos, Xos, Xos, Xos, Xos, Xos, Xos, Xos, Xos, Xos^Efs, Xos^Efs, Wwg, Xos^Efs, Xos^Efs, Urb, Urb, Wwf, Wwf, Wwg, Wwg, Isa, Uu, Urb, Urb, Xos^Efs, Xos^Efs, Xos, Xos, Xos, Xos, Xos, Xos, Xos
Xos, Xos, Xos, Xos, Xos, Xos, Xos, Xos, Xos, Xos, Xos, Xos, Xos^Efs, Xos^Efs, Ur, Xos^Efs, Ur, Wwg, Wwg, Urb, Urb, Urb, Urb, Wwf, Wwf, Wwg, Uu, Xos^Efs, Urb, Ur, Isa, Xos^Efs, Xos^Efs, Xos, Xos, Xos, Xos, Xos
Xos, Xos, Xos, Xos, Xos, Xos, Xos, Xos, Xos, Xos, Xos, Xos^Efs, Ur, Ur, Urb, Xos^Efs, Urb, Ur, Wwg, Xos^Efs, Xos^Efs, Urb, Urb, Urb, Uu, Uu, Xos^Efs, Xos^Efs, Urb, Ur, Isa, Isa, Isa, Xos^Efs, Xos^Efs, Xos, Xos, Xos
Xos, Xos, Xos, Xos, Xos, Xos, Xos, Xos, Xos, Xos, Xos, Xos^Efs, Ur, Ur^Vhcr, Urb, Xos^Efs, Urb, Ur, Ur, Wwg, Xos^Efs, Xos^Efs, Xos^Efs, Urb, Urb, Xos^Efs, Xos^Efs, Xos^Efs, Urb, Ur, Isa, Isa, Isa, Isa, Xos^Efs, Xos, Xos, Xos
Xos, Xos, Xos, Xos, Xos, Xos, Xos, Xos, Xos, Xos, Xos, Xos^Efs, Ur, Urb, Xos^Efs, Urb, Urb, Urb, Ur, Wwg, Xos^Efs, Ql, Ql, Xos^Efs, Xos^Efs, Urb, Urb, Xos^Efs, Xos^Efs, Urb, Urb, Isa, Isa, Isa, Xos^Efs, Xos, Xos, Xos
Xos, Xos, Xos, Xos, Xos, Xos, Xos, Xos, Xos, Xos, Xos, Xos^Efs, Xos^Efs, Xos^Efs, Urb, Urb, Urb, Urb, Ur, Wwg, Xos^Efs, Ql, Ur, Ql, Xos^Efs, Urb, Urb, Wwg, Wwg, Xos^Efs, Xos^Efs, Urb, Xos^Efs, Xos^Efs, Xos^Efs, Xos, Xos, Xos
Xos, Xos, Xos, Xos, Xos, Xos, Xos, Xos, Xos, Xos, Xos, Xos^Efs, Xos^Efs, Urb, Urb, Urb, Urb, Urb, Xos^Efs, Xos^Efs, Xos^Efs, Ql, Urb, Ql, Urb, Urb, Urb, Urb, Wwg, Wwg, Xos^Efs, Urb, Isa, Xos^Efs, Xos^Efs, Xos, Xos, Xos
Xos, Xos, Xos, Xos, Xos, Xos, Xos, Xos, Xos, Xos, Xos, Xos^Efs, Urb, Xos^Efs, Urb, Urb, Xos^Efs, Xos^Efs, Uue, Uue, Xos^Efs, Ql, Urb, Urb, Xos^Efs, Urb, Wwg, Wwg, Xos^Efs, Xos^Efs, Urb, Urb, Isa, Ql, Xos^Efs, Xos, Xos, Xos
Xos, Xos, Xos, Xos, Xos, Xos, Xos, Xos, Xos, Xos, Xos, Xos^Efs, Urb, Urb, Urb, Xos^Efs, Uue, Uue, Urb, Uu, Xos^Efs, Ql, Ur, Ql, Xos^Efs, Urb, Urb, Xos^Efs, Xos^Efs, Urb, Isa, Isa, Isa, Ql, Xos^Efs, Xos, Xos, Xos
Xos, Xos, Xos, Xos, Xos, Xos, Xos, Xos, Xos, Xos, Xos, Xos^Efs, Urb, Urb, Urb, Xos^Efs, Urb, Urb, Isa, Uu, Xos^Efs, Ql, Ur, Ql, Xos^Efs, Xos^Efs, Urb, Isa, Xos^Efs, Urb, Isa, Isa, Isa, Ql, Xos^Efs, Xos, Xos, Xos
Xos, Xos, Xos, Xos, Xos, Xos, Xos, Xos, Xos, Xos, Xos, Xos^Efs, Xos^Efs, Urb, Urb, Urb, Isa, Isa, Isa, Uu, Xos^Efs, Ql, Ql, Ql, Xos^Efs, Urb, Isa, Isa, Xos^Efs, Urb, Isa, Isa, Ql, Ql, Xos^Efs, Xos, Xos, Xos
Xos, Xos, Xos, Xos, Xos, Xos, Xos, Xos, Xos, Xos, Xos, Xos, Xos, Xos^Efs, Xos^Efs, Xos^Efs, Isa, Isa, Isa, Uu, Xos^Efs, Ql, Xos^Efs, Xos^Efs, Xos^Efs, Urb, Isa, Isa, Xos^Efs, Urb, Ql, Ql, Xos^Efs, Xos^Efs, Xos, Xos, Xos, Xos
Xos, Xos, Xos, Xos, Xos, Xos, Xos, Xos, Xos, Xos, Xos, Xos, Xos, Xos, Xos, Xos^Efs, Xos^Efs, Isa, Isa, Isa, Isa, Xos^Efs, Isa, Isa, Isa, Xos^Efs, Isa, Isa, Xos^Efs, Ql, Xos^Efs, Xos^Efs, Xos, Xos, Xos, Xos, Xos, Xos
Xos, Xos, Xos, Xos, Xos, Xos, Xos, Xos, Xos, Xos, Xos, Xos, Xos, Xos, Xos, Xos, Xos, Xos^Efs, Xos^Efs, Xos^Efs, Isa, Isa, Isa, Isa, Isa, Isa, Xos^Efs, Isa, Xos^Efs, Xos^Efs, Xos, Xos, Xos, Xos, Xos, Xos, Xos, Xos
Xos, Xos, Xos, Xos, Xos, Xos, Xos, Xos, Xos, Xos, Xos, Xos, Xos, Xos, Xos, Xos, Xos, Xos, Xos^Efs, Xos^Efs, Xos^Efs, Isa, Isa, Isa^Vhcr, Isa, Xos^Efs, Xos^Efs, Xos^Efs, Xos, Xos, Xos, Xos, Xos, Xos, Xos, Xos, Xos, Xos
Xos, Xos, Xos, Xos, Xos, Xos, Xos, Xos, Xos, Xos, Xos, Xos, Xos, Xos, Xos, Xos, Xos^Efs, Xos^Efs, Uu^Qhu, Uu^Qhu, Ur^Qhu, Isa, Xos^Efs, Isa, Xos^Efs, Xos^Efs, Xos, Xos, Xos, Xos, Xos, Xos, Xos, Xos, Xos, Xos, Xos, Xos
Xos, Xos, Xos, Xos, Xos, Xos, Xos, Xos, Xos, Xos, Xos, Xos, Xos, Xos, Xos^Efs, Xos^Efs, Uu^Qhu, Uu^Qhu, Ur^Qhu, Ur^Qhu, Isa^Qhu, Isa^Qhu, Isa^Qhu, Xos^Efs, Xos^Efs, Xos, Xos, Xos, Xos, Xos, Xos, Xos, Xos, Xos, Xos, Xos, Xos, Xos
Xos, Xos, Xos, Xos, Xos, Xos, Xos, Xos, Xos, Xos, Xos, Xos, Xos^Efs, Xos^Efs, Urb^Qhu, Uu^Qhu, Ur^Qhu, Ur^Qhu, Isa^Qhu, Isa^Qhu, Isa^Qhu, Isa^Qhu, Isa^Qhu, Isa^Qhu, Xos^Efs, Xos^Efs, Xos^Efs, Xos, Xos, Xos, Xos, Xos, Xos, Xos, Xos, Xos, Xos, Xos
Xos, Xos, Xos, Xos, Xos, Xos, Xos, Xos, Xos, Xos, Xos^Efs, Xos^Efs, Ai^Qhu, Xos^Efs, Xos^Efs, Urb^Qhu, Urb^Qhu, Isa^Qhu, Isa^Qhu, Isa^Qhu, Isa^Qhu, Isa^Qhu, Xos^Efs, Xos^Efs, Ur^Qhu, Wwg^Qhu, Wwg^Qhu, Xos^Efs, Xos^Efs, Xos, Xos, Xos, Xos, Xos, Xos, Xos, Xos, Xos
Xos, Xos, Xos, Xos, Xos, Xos, Xos, Xos, Xos^Efs, Xos^Efs, Ai^Qhu, Ai^Qhu, Ur^Qhu, Ai^Qhu, Qxua^Qhu, Xos^Efs, Xos^Efs, Urb^Qhu, Urb^Qhu, Isa^Qhu, Isa^Qhu, Xos^Efs, Ur^Qhu, Ur^Qhu, Isa^Qhu, Ur^Qhu, Ur^Qhu, Wwg^Qhu, Wwg^Qhu, Xos^Efs, Xos^Efs, Xos, Xos, Xos, Xos, Xos, Xos, Xos
Xos, Xos, Xos, Xos, Xos, Xos, Xos^Efs, Xos^Efs, Isa^Qhu, Xos^Efs, Xos^Efs, Ai^Qhu, Ai^Qhu, Ur^Qhu, Isa^Qhu, Qxua^Qhu, Qxua^Qhu, Xos^Efs, Xos^Efs, Urb^Qhu, Isa^Qhu, Isa^Qhu, Isa^Qhu, Isa^Qhu, Isa^Qhu, Isa^Qhu, Isa^Qhu, Ur^Qhu, Ss^Qhu, Wwg^Qhu, Wwg^Qhu, Xos^Efs, Xos, Xos, Xos, Xos, Xos, Xos
Xos, Xos, Xos, Xos, Xos, Xos, Xos^Efs, Wwg^Qhu, Isa^Qhu, Isa^Qhu, Isa^Qhu, Xos^Efs, Xos^Efs, Ai^Qhu, Ai^Qhu, Isa^Qhu, Isa^Qhu, Qxua^Qhu, Qxua^Qhu, Qxua^Qhu, Isa^Qhu, Isa^Qhu, Isa^Qhu, Xos^Efs, Xos^Efs, Isa^Qhu, Isa^Qhu, Isa^Qhu, Isa^Qhu, Ss^Qhu, Wwg^Qhu, Xos^Efs, Xos, Xos, Xos, Xos, Xos, Xos
Xos, Xos, Xos, Xos, Xos, Xos, Xos^Efs, Wwg^Qhu, Isa^Qhu, Isa^Qhu, Isa^Qhu, Ur^Qhu, Ur^Qhu, Xos^Efs, Xos^Efs, Ai^Qhu, Isa^Qhu, Isa^Qhu, Isa^Qhu, Isa^Qhu, Xos^Efs, Isa^Qhu, Isa^Qhu, Isa^Qhu, Isa^Qhu, Xos^Efs, Xos^Efs, Isa^Qhu, Isa^Qhu, Ss^Qhu, Wwg^Qhu, Xos^Efs, Xos, Xos, Xos, Xos, Xos, Xos
Xos, Xos, Xos, Xos, Xos, Xos, Xos^Efs, Wwg^Qhu, Wwg^Qhu, Isa^Qhu, Isa^Qhu, Isa^Qhu, Ur^Qhu, Qxua^Qhu, Qxua^Qhu, Qxua^Qhu, Isa^Qhu, Isa^Qhu, Xos^Efs, Xos^Efs, Isa^Qhu, Isa^Qhu, Isa^Qhu, Isa^Qhu, Isa^Qhu, Isa^Qhu, Isa^Qhu, Xos^Efs, Xos^Efs, Ss^Qhu, Wwg^Qhu, Xos^Efs, Xos, Xos, Xos, Xos, Xos, Xos
Xos, Xos, Xos, Xos, Xos, Xos, Xos^Efs, Xos^Efs, Xos^Efs, Wwg^Qhu, Wwg^Qhu, Isa^Qhu, Isa^Qhu, Ur^Qhu, Isa^Qhu, Isa^Qhu, Xos^Efs, Xos^Efs, Uu^Qhu, Uu^Qhu, Uu^Qhu, Isa^Qhu, Xos^Efs, Isa^Qhu, Isa^Qhu, Isa^Qhu, Isa^Qhu, Qxua^Qhu, Ql^Qhu, Xos^Efs, Xos^Efs, Xos^Efs, Xos, Xos, Xos, Xos, Xos, Xos
Xos, Xos, Xos, Xos, Xos, Xos, Xos^Efs, Wwg^Qhu, Wwg^Qhu, Xos^Efs, Xos^Efs, Wwg^Qhu, Wwg^Qhu, Isa^Qhu, Isa^Qhu, Xos^Efs, Uu^Qhu, Uu^Qhu, Isa^Qhu, Uu^Qhu, Isa^Qhu, Uu^Qhu, Uu^Qhu, Xos^Efs, Xos^Efs, Isa^Qhu, Isa^Qhu, Qxua^Qhu, Qxua^Qhu, Ql^Qhu, Ql^Qhu, Xos^Efs, Xos, Xos, Xos, Xos, Xos, Xos
Xos, Xos, Xos, Xos, Xos, Xos, Xos^Efs, Wwg^Qhu, Isa^Qhu, Wwg^Qhu, Wwg^Qhu, Xos^Efs, Wwg^Qhu, Isa^Qhu, Isa^Qhu, Isa^Qhu, Isa^Qhu, Isa^Qhu, Xos^Efs, Isa^Qhu, Isa^Qhu, Isa^Qhu, Isa^Qhu, Uu^Qhu, Uu^Qhu, Xos^Efs, Xos^Efs, Isa^Qhu, Isa^Qhu, Qxua^Qhu, Ql^Qhu, Xos^Efs, Xos, Xos, Xos, Xos, Xos, Xos
Xos, Xos, Xos, Xos, Xos, Xos, Xos^Efs, Wwg^Qhu, Isa^Qhu, Isa^Qhu, Isa^Qhu, Wwg^Qhu, Isa^Qhu, Isa^Qhu, Xos^Efs, Xos^Efs, Isa^Qhu, Isa^Qhu, Isa^Qhu, Xos^Efs, Xos^Efs, Isa^Qhu, Isa^Qhu, Isa^Qhu, Isa^Qhu, Uu^Qhu, Uu^Qhu, Xos^Efs, Xos^Efs, Qxua^Qhu, Ql^Qhu, Xos^Efs, Xos, Xos, Xos, Xos, Xos, Xos
Xos, Xos, Xos, Xos, Xos, Xos, Xos^Efs, Wwg^Qhu, Isa^Qhu, Isa^Qhu, Isa^Qhu, Isa^Qhu, Xos^Efs, Xos^Efs, Isa^Qhu, Isa^Qhu, Urb^Qhu, Isa^_ml, Isa^Qhu, Isa^Qhu, Isa^Qhu, Xos^Efs, Xos^Efs, Isa^Qhu, Isa^Qhu, Isa^Qhu, Isa^Qhu, Uu^Qhu, Uu^Qhu, Xos^Efs, Ql^Qhu, Xos^Efs, Xos, Xos, Xos, Xos, Xos, Xos
Xos, Xos, Xos, Xos, Xos, Xos, Xos, Xos^Efs, Xos^Efs, Isa^Qhu, Xos^Efs, Xos^Efs, Isa^Qhu, Isa^Qhu, Isa^Qhu, Urb^Qhu, Xos^Efs, Urb^Qhu, Urb^Qhu, Isa^Qhu, Isa^Qhu, Isa^Qhu, Isa^Qhu, Xos^Efs, Xos^Efs, Isa^Qhu, Xos^Efs, Isa^Qhu, Uu^Qhu, Xos^Efs, Xos^Efs, Xos^Efs, Xos, Xos, Xos, Xos, Xos, Xos
Xos, Xos, Xos, Xos, Xos, Xos, Xos, Xos, Xos, Xos^Efs, Xos^Efs, Ur^Qhu, Ur^Qhu, Isa^Qhu, Isa^Qhu, Urb^Qhu, Urb^Qhu, Xos^Efs, Xos^Efs, Urb^Qhu, Urb^Qhu, Isa^Qhu, Isa^Qhu, Isa^Qhu, Isa^Qhu, Xos^Efs, Urb^Qhu, Xos^Efs, Xos^Efs, Xos^Efs, Xos, Xos, Xos, Xos, Xos, Xos, Xos, Xos
Xos, Xos, Xos, Xos, Xos, Xos, Xos, Xos, Xos, Xos, Xos, Xos^Efs, Xos^Efs, Ur^Qhu, Ur^Qhu, Isa^Qhu, Isa^Qhu, Urb^Qhu, Urb^Qhu, Xos^Efs, Xos^Efs, Urb^Qhu, Urb^Qhu, Isa^Qhu, Urb^Qhu, Urb^Qhu, Xos^Efs, Xos^Efs, Xos, Xos, Xos, Xos, Xos, Xos, Xos, Xos, Xos, Xos
Xos, Xos, Xos, Xos, Xos, Xos, Xos, Xos, Xos, Xos, Xos, Xos, Xos, Xos^Efs, Xos^Efs, Ur^Qhu, Ur^Qhu, Isa^Qhu, 1 Isa^Qhu, Urb^Qhu, Urb^Qhu, Xos^Efs, Xos^Efs, Urb^Qhu, Xos^Efs, Xos^Efs, Xos, Xos, Xos, Xos, Xos, Xos, Xos, Xos, Xos, Xos, Xos, Xos
Xos, Xos, Xos, Xos, Xos, Xos, Xos, Xos, Xos, Xos, Xos, Xos, Xos, Xos, Xos, Xos^Efs, Xos^Efs, Ur^Qhu, Isa^Qhu, Isa^Qhu, Urb^Qhu, Urb^Qhu, Xos^Efs, Xos^Efs, Xos, Xos, Xos, Xos, Xos, Xos, Xos, Xos, Xos, Xos, Xos, Xos, Xos, Xos
Xos, Xos, Xos, Xos, Xos, Xos, Xos, Xos, Xos, Xos, Xos, Xos, Xos, Xos, Xos, Xos, Xos, Xos^Efs, Xos^Efs, Urb^Qhu, Xos^Efs, Xos^Efs, Xos, Xos, Xos, Xos, Xos, Xos, Xos, Xos, Xos, Xos, Xos, Xos, Xos, Xos, Xos, Xos
Xos, Xos, Xos, Xos, Xos, Xos, Xos, Xos, Xos, Xos, Xos, Xos, Xos, Xos, Xos, Xos, Xos, Xos, Xos^Efs, Urb^Qhu, Xos^Efs, Xos, Xos, Xos, Xos, Xos, Xos, Xos, Xos, Xos, Xos, Xos, Xos, Xos, Xos, Xos, Xos, Xos
