Ha, Ai, Ha^Esa, Ha, Gd, Md, Gd^Fdw, Gd^Esa, Gd^Esa, Md, Md, Md, Hhd^Fp, Hhd, Ms, Ms, Ms, Md, Md, Ms, Ms, Ms, Ms, Ms, Md^Xm, Md^Xm, Md, Md, Md, Md, Ms, Md, Md, Ms, Ms, Md^Xm, Md, Ms, Ms, Ms, Ms
Ha, Ha^Esa, Ha, Ms, Ms, Re^Efm, Gd^Fdw, Gd, Aa^Fma, Ms, Ms, Md, Ms, Hhd^Fp, Hhd^Em, Ms, Ms, Md, Md, Md, Md, Ms, Md, Md^Xm, Md, Md, Md, Md, Md, Md, Md, Md^Xm, Md^Xm, Md, Md, Md, Md, Md, Md, Ms, Ms
Ha, Ha, Aa^Es, Ms, Rr, Ms, Ms, Aa^Fmw, Aa^Fdw, Ha, Ha^Vhca, Ms, Ms, Hhd^Fp, Ms^Xm, Ms^Xm, Ms^Xm, Hhd^Emf, Ms, Md, Md, Md, Ms, Md, Hhd, Md, Md, Md, Md, Md, Md^Xm, Md, Md, Md^Xm, Md, Ms, Ms, Md, Md, Md, Ms
Ha, Aa, Aa^Fma, Ch, 2 Kha^Ii, Cha^Ii, Ms, Aa^Fda, Aa^Fda, Ha, Ha, Md^Xm, Hhd, Hhd^Es, Hhd, Hhd^Emf, Ms^Xm, Hhd^Emf, Hhd, Hhd, Hhd, Ms, Hhd, Hhd, Md, Md, Md, Md, Ms^Xm, Md, Md, Md^Xm, Md^Xm, Md, Ms, Ms, Md, Md^Xm, Md^Xm, Md, Ms
Hhd, Ai, Ha^Vhca, Cha, Cha, Cha, Hhd^Emf, Ms, Ms, Aa^Fma, Re^Edb, Hhd, Ai, Hhd, Ai, Hhd, Hhd, Hhd, Ms^Xm, Md^Xm, Hhd^Fp, Hhd, Hhd, Ms^Xm, Ms^Xm, Md, Md, Md, Md, Md, Md, Md, Md, Md, Md, Md^Xm, Md, Md, Md, Md^Xm, Md
Hhd, Ai, Md^Xm, Hhd^Fp, Hhd, Hhd, Ms, Ms, Aa^Em, Aa^Fma, Gd^Em, Gll^Esa, Re, Ai, Hhd^Fp, Ai, Hhd^Fp, Hhd^Fp, Gll^Em, Gll^Esa, Rb, Hhd^Em, Gd^Esa, Hhd^Fp, Hhd^Fp, Ms, Ms, Md, Md, Md, Md, Md, Hhd, Hhd, Md, Md, Md, Md, Md, Md, Md
Hhd, Ai^Esa, Ai, Md, Gll, Gd^Fdw, Gd, Aa, Gll^Fdw, Gd, Re, Gll, Gd^Ve, Re, Md, Hhd^Fp, Gd^Efm, Gd, Gd, Rb, Gd^Efm, Gll^Efm, Re, Gll, Hhd^Fp, Gll, Ms, Md, Md, Md, Md, Md, Hhd, Md, Md, Md, Md, Md, Ms, Ms, Ms
Hhd, Hhd, Hhd^Em, Gll, Hhd^Fp, Gd, Rb, Gd, Rb, Gd, Gll^Efm, Re, Re, Re, Rb, Gd, Gd^Efm, Gd^Edb, Hhd, Rb, Hhd, Re^Em, Gd^Em, Gd^Em, Hhd, Hhd, Ms, Ms, Gll, Md, Md, Md, Hhd^Fp, Hhd^Fp, Md^Xm, Md, Md, Md, Md, Md, Ms
Md, Md^Xm, Md, Gd, Hhd, Gll^Efm, Md, Rb, Md, Gll^Efm, Rb, Rb, Gll^Efm, Gll^Efm, Gd, Gd, Hhd, Hhd^Em, Md, Md, Hhd, Hhd, Re, Gd^Ve, Re^Em, Hhd^Fp, Hhd, Gll, Rb^Es, Hhd^Fp, Hhd^Fp, Hhd^Fp, Hhd, Md, Md, Md^Xm, Md^Xm, Md, Ms, Ms, Ms
Hhd, Md, Md, Md, Md, Md, Md, Md, Md, Md, Md, Gd^Es, Md, Md, Md, Hhd, Ms, Md, Md, Hhd, Hhd^Fp, Hhd^Emf, Gll^Efm, Gll, Gd^Esa, Gll, Gll^Efm, Gd^Ve, Gll^Efm, Hhd, Gll^Efm, Hhd, Rb^Es, Hhd, Gll, Md, Md, Md, Md, Md, Ms
Md, Md, Md, Md, Md, Md^Xm, Md, Md, Md^Xm, Md, Md, Md, Md, Md, Md, Md, Md, Md, Md, Md, Md, Hhd^Em, Hhd^Em, Hhd^Em, Gll^Efm, Gd^Esa, Cvr, Cha^Edb, Cha^Ii, Gll, Gll^Fdw, Rb, Gll^Fdf, Gll^Fdw, Gll^Fdf, Re, Rb, Md, Md^Xm, Ms, Ms
Hhd, Md, Md^Xm, Md^Xm, Md^Xm, Md, Md, Md, Md^Xm, Md, Md^Xm, Md, Md, Md, Ms, Md, Ms, Ms, Md, Md, Md, Md, Hhd^Fp, Hhd^Fp, Hhd^Fp, Gd, Cvr, 4 Kha^Ii, Cha^Edb, Gll^Fdf, Gll^Fdf, Gd, Gd^Efm, Gll^Fdf, Gll, Re^Es, Hhd, Md, Md, Md, Ms
Md^Xm, Md, Md^Xm, Hhd, Hhd, Md^Xm, Md^Xm, Md^Xm, Hhd, Md^Xm, Md^Xm, Md, Md, Ms^Xm, Ms^Xm, Ms^Xm, Md^Xm, Md, Md^Xm, Md, Md, Hhd^Fp, Gll, Gll^Efm, Md, Gd, Gll^Fdw, Cvr, Re, Ms, Hhd^Fdf, Gll^Fdf, Gd, Gd, Gll, Gll, Hhd^Fp, Md, Md, Ms, Ms
Wwf, Md^Xm, Wwg, Gd^Em, Gll^Fdw, Gll^Fdw, Re^Efm, Hhd, Gll, Hhd, Hhd, Md^Xm, Md^Xm, Md^Xm, Hhd, Hhd, Md^Xm, Md^Xm, Md, Md^Xm, Md^Xm, Hhd^Fp, Gll, Gd^Efm, Gd, Gd^Efm, Gd, Gd, Gll, Re, Gd^Ve, Hhd, Gd, Gll^Fdw, Gll^Fdw, Re^Es, Md^Xm, Hhd, Hhd, Md, Md
Wwrg, Wwg, Wwg^Wkf, Wwf, Wwf^Es, Gll^Fmw, Gll^Fmw, Re, Rb, Rb, Hhd, Wwf^Wkf, Hhd, Hhd, Md^Xm, Md^Xm, Md, Md, Hhd, Md, Hhd, Gd^Ve, Hhd, Gd^Em, Gd^Em, Gd, Ms, Gll, Hhd^Fp, Hhd^Fp, Gll, Gd^Efm, Gll^Es, Gll^Fdw, Gll, Md, Md, Md^Xm, Md, Hhd, Hhd
Wwf, Wwf^Es, Wwf^Es, Wwf, Wwf, Wwrg, Wog, Rb^Edb, Wwg, Hhd, Wwf^Wkf, Wwf^Wkf, Hhd, Md^Xm, Md, Md, Hhd^Fp, Hhd^Fp, Hhd^Fp, Hhd^Fp, Gll, Hhd^Fp, Gll, Gll^Efm, Gll, Md, Gd, Gd, Gd, Gll^Efm, Hhd, Gll^Es, Hhd, Gll, Md, Hhd^Fp, Hhd, Md, Md^Xm, Md^Xm, Md^Xm
Wwg, Wwg, Wog, Wog, Wwf^Es, Wwg^Ewf, Chw, Wog, Wwf^Es, Wwg^Wkf, Wwg^Ewl, Wwrg, Wwrg, Wwrg, Gll, Hhd^Fp, Rb^Es, Gd, Gd, Gd, Gd, Gll, Gd, Gll, Gd^Efm, Hhd^Fp, Gll, Gd^Efm, Gd, Hhd^Fp, Ms, Ms, Md^Xm, Md, Md, Md, Md^Xm, Md^Xm, Md, Ms, Md
Gll, Gll^Em, Rb, Wwf, Wwf^Ewl, Wwg^Ewl, Wwg^Es, Wwg^Es, Wwf, Wwf^Ewl, Wog, Wog, Md, Wog, Wog, Gll^Es, Chw, Gll, Gll^Fp, Hhd, Hhd, Gd^Efm, Gd^Efm, Gll, Gd, Gd^Ve, Gd^Em, Hhd^Fp, Hhd^Emf, Ms, Md^Xm, Md^Xm, Md, Md, Md^Xm, Md^Xm, Md, Md, Ms, Md, Md
Hhd^Fdw, Gll^Fdw, Gll^Fdw, Rb, Rb^Efm, Gll^Efm, Gll, Gll^Fdw, Wwf^Es, Md, Wwf, Gll^Es, Wwg, Wwg^Es, Wwf, Wwf^Es, Wwf, Gll^Fdf, Gll^Fdf, Hhd, Ms, Wwf, Wwf, Gll^Fdw, Gd, Gll, Hhd^Fp, Hhd^Fp, Hhd, Md, Md, Md, Md, Md^Xm, Md, Md, Md, Ms, Md, Md, Md
Ms, Hhd^Fdw, Ms, Gll, Re^Emf, Ms, Re^Em, Gd^Em, Gd^Em, Gd, Gll^Fdw, Gd^Em, Gll^Fdw, Wwg^Ewl, Wwf, Khw, Chw, Wwf^Ewl, Hhd, Ms, Md, Md, Md, Wwg^Wkf, Md, Md, Md, Hhd, Md^Xm, Ms^Xm, Ms^Xm, Md, Ms^Xm, Ms^Xm, Md^Xm, Md, Md, Md, Md, Md, Ms
Hhd, Ms, Ms, Gll^Fdw, Re^Em, Gll, Ms, Re^Edb, Hhd^Fp, Hhd^Fp, Ms, Gd, Gll^Fdw, Wwg^Ewl, Gll^Efm, Chw, Gll^Fmw, Hhd, Md^Xm, Md, Md^Xm, Md^Xm, Ms^Xm, Wwg, Wwg^Ewl, Md, Md^Xm, Md^Xm, Md, Md, Ms^Xm, Ms^Xm, Md, Md^Xm, Md, Md, Md, Md, Md^Xm, Ms, Ms
Hhd^Fp, Hhd^Em, Hhd^Emf, Hhd^Em, Hhd^Em, Hhd, Hhd^Fp, Hhd^Fp, Md, Md, Md, Gll^Efm, Gll^Efm, Gll^Fdw, Gll^Es, Rb, Gd, Hhd, Gd, Md^Xm, Gd^Ve, Hhd, Hhd, Ms^Xm, Ms^Xm, Md^Xm, Md, Md, Md, Md^Xm, Md^Xm, Md, Md, Md, Hhd, Hhd, Md^Xm, Md^Xm, Md, Md, Ms
Wwg, Hhd^Fp, Hhd, Ms, Ms, Hhd, Md, Md, Md, Md, Md^Xm, Gd^Ve, Wwf^Wkf, Wwf, Wwrg, Wwrg, Gll^Fdf, Gd^Efm, Wwf, Gd^Efm, Gll^Efm, Gll^Edb, Hhd^Fp, Ms^Xm, Md, Md^Xm, Md^Xm, Ms, Md, Md, Md, Md^Xm, Md, Hhd, Hhd, Md, Md, Md, Ms, Ms, Md
Gd^Fp, Hhd^Fp, Hhd, Ms, Hhd^Fp, Ms, Ms, Md, Md, Md^Xm, Hhd, Wwf, Gll^Efm, Gd^Es, Gll^Fdf, Gd^Ve, Gll^Fdf, Gll^Fdf, Gll^Fdf, Gll^Fdf, Gll^Efm, Wwf^Wkf, Wwf, Hhd^Fp, Hhd^Fp, Md, Md, Md^Xm, Md, Md, Md, Md, Md, Hhd, Md, Md, Md^Xm, Ms, Md, Md, Md
Gll^Fp, Gll^Fmw, Gd^Fp, Hhd, Gd^Fp, Gll^Emf, Gll, Gll^Edb, Wwg, Md, Gd^Fp, Gll, Gll, Gll^Fdf, Ms^Xm, Gll^Es, Hhd, Re, Gll^Es, Gd, Gll^Fdf, Re^Edb, Gll^Es, Wwf, Chw, Wwf^Wkf, Gll^Esa, Md, Hhd^Em, Ms, Md, Md, Ms, Md, Md, Md, Md, Md^Xm, Md, Md, Ms
Ms, Gll, Md^Xm, Md, Md, Gll^Fmw, Wwg, Wwg, Md, Md^Xm, Gll^Fdf, Wwg, Gll^Es, Hhd, Ms, Ms^Xm, Md^Xm, Gd^Es, Wog, Wwf, Wwf^Ewl, Rb, Gll, Wwf, Wwf^Wkf, Wwf^Wkf, Gll, Hhd, Hhd^Em, Md, Hhd^Fp, Ms, Hhd^Emf, Hhd^Edb, Hhd^Edb, Md, Md, Md, Ms, Ms, Ms
Md^Xm, Md^Xm, Md, Md, Ms, Md, Md^Xm, Md^Xm, Gll, Gll, Gll^Fdf, Wwrg, Wwg^Wkf, Hhd^Fp, Hhd, Ms^Xm, Hhd^Fp, Md^Xm, Md^Xm, Wwf, Wwf^Ewl, Gll^Es, Wwf, Wwf, Gll, Gll^Efm, Gll, Hhd, Wwg, Hhd^Esa, Hhd^Esa, Hhd^Em, Md^Xm, Ms, Ms, Hhd, Wwg^Ewl, Md, Md, Md, Ms
Gll^Fp, Md, Gll^Fp, Gll^Em, Gll^Efm, Wwf, Gd^Fp, Rb, Rb, Rb^Emf, Gll^Edb, Wwg^Es, Gll, Wog, Wwf, Hhd, Hhd^Fp, Ms, Ms, Md^Xm, Md^Xm, Wwf, Md^Xm, Md^Xm, Gll, Wwf^Ewl, Wwf, Gll, Wwrg, Wwf, Wwg, Md, Md, Md, Gll^Es, Gd^Ve, Wwg^Ewl, Md, Md, Md, Md
Gd^Fp, Gll^Fp, Gll^Fdw, Gd^Fp, Cvr, Gd^Fp, Rb, Gd^Fp, Gll^Fdf, Gll, Gd^Fp, Gd, Gll^Efm, Wwrg, Rb^Es, Hhd^Fp, Hhd, Hhd, Hhd^Fp, Ms, Md, Md^Xm, Md, Md^Xm, Gd^Ve, Gll, Gll, Chw, Wwf, Khw, Chw, Wwg^Ewl, Wwf^Ewl, Gd^Es, Gll, Wwg, Gd, Hhd, Ms, Md, Ms
Gll^Em, Gd^Ve, Gll^Fp, Cvr, 3 Kvr^Ii, Cvr^Ii, Gd^Fp, Rb, Gd^Ve, Gll^Fmw, Gll^Fdw, Gd^Fp, Wwf, Rb, Gll^Fdw, Rb, Gd, Gd, Hhd^Fp, Ms, Hhd^Emf, Md, Ms, Ms^Xm, Hhd, Gd^Emf, Wwf^Ewl, Wwf, Gll^Es, Chw, Gll, Gll^Es, Gd, Gd, Gll, Wwg^Wkf, Gd^Es, Hhd^Fp, Hhd, Hhd, Hhd
Gll^Fp, Gll^Fdw, Gd^Fp, Cvr, Cvr, Cvr, Gll^Fp, Gll^Fdw, Wog, Wwf, Gll^Fdw, Wwrg, Gll^Fp, Gd^Fp, Gd^Fp, Gd, Gll, Wwg, Hhd^Fp, Hhd^Em, Ms^Xm, Md, Md, Ms^Xm, Hhd, Gll^Edb, Gll, Gd^Esa, Re, Gll^Esa, Rb, Hhd, Ms^Xm, Ms, Hhd, Gll, Hhd, Hhd, Hhd^Efm, Hhd, Hhd
Gll^Fp, Gll^Fdw, Gll^Fmw, Gd^Fp, Gll^Fdf, Gll^Fp, Wwf^Wkf, Wwf^Wkf, Gll^Fp, Wog, Wwf, Wwrg, Gll^Fdw, Gd^Fp, Wwf, Gll^Emf, Rb, Rb, Hhd^Fp, Ms^Xm, Hhd^Emf, Ms^Xm, Hhd^Em, Md, Hhd, Wwf, Gd^Efm, Gd^Esa, Gd, Re, Re^Em, Rb, Rb, Ms, Gll^Fdf, Gll, Gll^Esa, Gd, Gd, Gll, Hhd
Ms, Gll^Fdf, Ms^Xm, Rb, Rb^Efm, Gll^Fdf, Md^Xm, Ms, Gd^Fp, Rb, Rb^Efm, Gll^Fp, Gd^Fp, Gll^Fp, Wwg, Gll^Em, Wwf, Gd^Ve, Gll^Es, Hhd^Fp, Hhd^Em, Ms, Hhd^Fp, Hhd^Fp, Hhd^Fp, Wwf^Wkf, Hhd, Gll^Em, Gll^Em, Gll^Fdf, Rb, Gll, Gll^Fdf, Hhd, Gd^Efm, Gd^Efm, Gd, Gd, Ha, Gll, Gd
Ms, Ms, Md^Xm, Gd^Fp, Rb, Gll^Fdf, Gd^Fp, Rb^Efm, Gd, Rb, Gd^Esa, Gd^Fp, Wwrg, Wog, Gll^Em, Gll^Efm, Gd^Fp, Gd, Rb^Efm, Gll^Es, Gll^Esa, Hhd^Es, Wwg^Wkf, Wwg, Wwg, Wwf^Wkf, Wwf, Hhd^Fp, Re, Gd, Gd, Gll^Es, Gll, Gd^Esa, Gd, Re, Re, Gd, Ha, Ai^Esa, Ai
Gll^Fp, Wwf^Es, Wog, Gd^Fp, Wwrg, Gll, Gll^Efm, Gll^Fp, Gll, Gd, Gd, Gd^Fp, Gll, Gll^Efm, Gd^Ve, Gd^Fp, Re^Em, Re, Re, Rb^Efm, Gll^Fp, Wwg, Wwf^Ewl, Wwf^Ewl, Wwf, Wwf, Hhd, Re, Gll^Fdf, Re, Gd, Gll, Gd, Gd, Gd^Es, Gd^Fdw, Re^Efm, Gll^Efm, Ha^Vhca, Ha, Ha
Gll, Gd^Fp, Gll^Fdw, Wwrg, Gll^Fp, Rb, Gll^Efm, Wwrg, Gll^Fdf, Gll^Fdw, Gll^Fmw, Gll, Re, Gll^Efm, Re, Rb, Gll^Fp, Gll, Re^Em, Rb, Rb, Wwg^Wkf, Rb, Rb, Hhd, Hhd, Hhd^Fp, Gd^Ve, Gd, Gd, Gll^Edb, Gd, Aa^Fmw, Aa^Fma, Aa^Fmw, Gd^Fdw, Aa, Ha, Ha, Ha^Esa, Ha
Ms, Gll^Fdw, Ms, Gd^Fp, Wwf, Gll^Fdw, Gd^Efm, Re, Gll, Wwg^Ewl, Re^Es, Re, Wwg, Re, Re, Rb, Gll^Fp, Gd, Gll^Fdw, Re, Gll^Fdw, Rb, Wog, Wog, Wog, Hhd^Fp, Wwf, Gll, Gll, Gd^Esa, Gd^Esa, Gd^Fdw, Aa^Fmw, Aa^Fdw, Aa^Fda, Aa, Cea, Cea, Cea, Aa, Aa
Md, Md^Xm, Md, Hhd, Rb^Efm, Gll^Fdf, Gd, Rb, Gll^Es, Wwg, Wog, Wwg, Wwg^Wkf, Gll^Fp, Wwf^Wkf, Gll^Fp, Gd, Gd, Gll^Fdw, Gd^Fp, Gll^Fp, Re, Gll, Wwf, Wwf^Wkf, Wwf, Gll, Gll, Ai, Gll, Gll, Aa^Fmw, Aa^Fma, Ms, Ms, Ms, Cea, 1 Kea, Cea, Aa^Fma, Ai
Hhd, Md, Hhd^Em, Hhd, Re, Re, Rb^Emf, Gll^Fp, Wwf, Gll^Efm, Gll, Wog^Ewf, Wog, Chw, Wwg, Gll, Gll^Fdw, Gll^Fdw, Gd, Gd^Fp, Gll^Fp, Re, Gll^Esa, Gll, Aa^Fmw, Gll, Ai, Ai, Ai, Ai, Gll^Esa, Re^Edb, Aa^Fma, Ms, Md, Hhd^Emf, Hhd^Ecf, Cea, Hhd^Fp, Ha^Vhca, Ai
Hhd^Fp, Hhd^Emf, Hhd^Fp, Gll^Fdw, Gll^Fp, Gll^Em, Gll, Wwf, Wwg^Ewl, Gll^Efm, Wog, Gll^Es, Wwf, Wwrg, Re, Gll^Es, Gll^Fdw, Gd, Gll, Gd, Gll^Efm, Rb, Rb, Rb^Efm, Gd^Fdw, Aa^Fmw, Aa^Fmw, Aa, Gd^Fdw, Gll^Fdw, Ai, Gd^Em, Gd, Aa, Aa, Md, Gd^Fdw, Hhd, Ms, Md, Ai
Hhd^Fp, Ms, Gll^Fp, Gd, Gll, Wwrg, Wwg, Wwg, Wwg, Wwg^Ewl, Wwg, Gll, Gll^Efm, Gd, Gd, Re, Gll, Gll, Gll, Gd, Gd, Gd^Efm, Rb, Gd^Fdw, Gd^Edb, Gll^Fdw, Gd, Gll, Gll^Fdw, Gd, Gll, Gll, Gll, Gll^Fdw, Gd, Gd, Gd, Ai, Ai, Ai, Ms
