Ms, Ms, Ms, Ms, Ms, Ms, Ms, Ms, Ha^Esa, Ms, Ms, Ms, Ms, Ms, Ms, Ms, Ms, Ms, Ms, Ms, Ms, Aa, Aa, Aa, Aa, Aa^Esa, Md, Md, Hhd^Em, Hhd^Emf, Hhd^Emf, Hhd, Hhd^Em, Md, Md, Md, Md, Md
Ms, Ms^Xm, Ms, Ms, Ms, Ms, Ms, Ha^Esa, Ha, Ha^Esa, Hh, Hh, Hhd, Ms, Gd, Ha, Aa, Ms^Xm, Aa, Ms, Aa, Aa, Aa^Esa, Aa^Vo, Aa^Esa, Aa^Esa, Md^Xm, Md, Hhd, Hhd^Esa, Hhd^Em, Aa^Esa, Aa, Aa, Md^Xm, Md, Ms, Md
Ms, Ms, Ms, Ms, Ms, Ms, Ha, Ha^Esa, Ha, Ha, Hh^Esa, Hhd, Hhd^Fmw, Hh^Fmw, Gd, Aa^Esa, Aa^Esa, Aa, Aa^Esa, Aa, Aa, Aa, Aa, Aa, Aa, Md, Md, Hhd^Esa, Aa^Esa, Aa^Esa, Aa^Voa, Aa, Hhd, Md, Md, Md, Md, Md
Ms, Ms, Ms, Aa, Aa, Aa, Ha, Ms, Ha, Hh, Hhd, Hh^Esa, Hh, Hh^Fet, Gd^Esa, Rb^Esa, Rb, Rb^Esa, Rb, Gs^Efm, Gs, Aa, Gd^Gvs, Aa, Aa, Gd^Efm, Gd, Aa^Esa, Hhd, Aa, Hhd, Aa, Hhd, Hhd, Hhd^Esa, Gd^Efm, Gd, Md
Ms, Ms^Xm, Ms, Ms, Aa, Aa, Hh, Ha, Md, Hh, Hhd^Em, Hh^Esa, Hhd^Em, Hhd, Gs, Gll, Gll, Gd^Vo, Rb, Gs^Efm, Gd^Gvs, Gd^Gvs, Gd^Gvs, Aa^Esa, Aa^Esa, Aa, Gll, Gll^Es, Hhd, Hhd, Gll, Hhd^Emf, Hh, Hh^Esa, Hhd^Em, Gll, Gll^Emf, Gd
Ms, Ms, Ms, Ms, Hhd, Hh, Md, Md, Hh, Hhd, Hhd^Em, Hhd^Em, Gll^Em, Gs, Md, Hh, Hh, Gll, Gd^Es, Gd^Efm, Aa, Gd^Gvs, Hh, Gd, Gll^Edb, Aa^Esa, Rb^Em, Gll^Em, Gll^Em, Gll, Rb^Efm, Hh, Hh, Hhd^Em, Gll^Es, Gd^Es, Gs^Es, Gd
Ms, Ms, Ms, Aa, Md, Hhd, Md, Hh^Fmw, Hh, Hh^Esa, Hhd, Gll^Efm, Ms, Md, Ms, Mm, Hhd, Gll^Es, Aa, Aa, Hh^Efm, Aa, Hhd, Hh, Gd, Aa, Aa, Gd^Vo, Gs, Rb^Efm, Hhd, Rb^Efm, Rb, Hh, Gd, Gll, Gd^Efm, Gs
Ms, Ms, Ms, Hh, Hh, Hhd, Md, Hh^Fmw, Hh, Hhd, Gll, Gll^Efm, Ms, Ms^Xm, Ms, Ms, Hhd, Aa, Hhd^Vo, Hh^Efm, Hhd, Hhd^Efm, Co, Hhd, Hhd, Gd, Hh^Esa, Gd, Aa, Gs^Efm, Gd^Gvs, Gd^Gvs, Gd^Fmw, Rb, Gll, Gd, Hhd, Gs^Efm
Ms, Ms, Ms, Hhd, Hh, Hhd^Fmw, Hhd^Fmw, Hh, Hhd, Hhd, Ms, Ha^Voa, Md^Xm, Md^Xm, Md, Ms, Md, Hhd, Hhd, Hhd, Co^Es, Co^Es, 3 Ko, Co^Edb, Md, Hh, Ms, Hh, Hhd^Esa, Aa^Es, Gd^Gvs, Gd^Gvs, Gll^Fmw, Ms, Gd^Es, Gll, Gll, Gs^Efm
Ms, Ms, Ms, Hhd, Md, Hhd, Md, Hh, Md, Hhd, Md, Md, Md, Md, Md, Ms, Md, Md^Xm, Md, Md, Co^Edb, Co^Edb, Hh^Ecf, Co^Edb, Co^Es, Hh, Ms, Ms^Xm, Hhd^Esa, Aa^Esa, Aa^Esa, Gd^Esa, Gd, Rb, Rb, Gll, Gll, Gd^Efm
Ms, Ms, Ms, Hh, Hh, Md, Hh, Md, Hhd^Em, Hhd, Md, Md, Md, Md, Ha^Esa, Ha, Gll^Esa, Md, Ms, Md, Ms, Ko, Hh^Esa, Hh^Edb, Wwrg, Hh^Es, Hh, Ms, Hhd, Aa^Esa, Gll^Esa, Gll, Gll, Gll^Vo, Gll, Rb^Efm, Rb, Rb
Ms, Ms, Ms^Xm, Ms^Xm, Ms, Md, Hhd^Em, Hhd^Em, Gll, Md, Md, Md, Md, Rd^Efm, Gd^Efm, Gll^Esa, Wwg, Aa^Esa, Aa, Ms, Ai, Ai^Esa, Wwrg, Wwg, Wwg, Wwg, Wwrg, Hhd, Wwg^Ewl, Gll, Wwg^Ewl, Wwg^Ewl, Wwg, Wwg, Wwg, Gll, Gll, Gll
Ms, Ms, Ms, Ms^Xm, Ms, Hhd^Esa, Hhd^Em, Hhd^Emf, Hhd^Em, Gs, Gs, Md, Gll, Gd, Wwrg, Wwg, Wwg, Wwg, Wwg, Wwrg, Wwrg, Wwg, Gll, Wwg^Ewl, Gll^Esa, Wwg, Wwg, Wwg, Wwg, Wwg^Ewl, Wwg, Wwg, Md, Wwg, Wwg^Ewl, Wwg, Wwrg, Wwrg
Ms, Ms, Ms, Ms, Aa, Hhd, Hh, Hh, Hh^Em, Hhd^Em, Hhd^Es, Gll^Es, Gd^Es, Wwg, Wwg^Ewl, Wwg, Gll, Gll, Gs, Wwrg, Wwrg, Wwrg, Gll, Gll, Ms, Gll, Gll, Gll, Ms, Wwg, Md, Md^Xm, Hhd^Em, Hhd, Hhd, Hhd, Hhd, Wwg
Wog, Ms, Ms, Ms, Ai^Esa, Aa^Esa, Ai, Hhd, Wwg^Ewl, Hh, Wwg^Ewl, Hhd, Wwg, Wwg, Wwg^Ewl, Gll, Rra, Gs, Gd^Vc, Gd^Esa, Gd^Esa, Gd^Esa, Gd^Vo, Gd, Gd, Ms, Ms, Ms, Md, Md, Hhd, Hhd^Em, Ai, Gd^Em, Gd, Gll, Rb, Hhd
Ms, Wog, Wog, Wog, Wog, Ai, Wog, Wwg, Wwg, Wwg^Ewl, Wwg, Wwg, Wwg, Wwg^Ewl, Gll, Gll^Es, Rra^Es, Gs, Aa, Aa^Esa, Aa, Gll, Gll^Esa, Gd, Rb, Rra, Rra, Aa, Aa^Esa, Aa, Gll^Esa, Gd, Gd, Gd, Ai, Gll^Esa, Gll^Esa, Rb
Ms, Ms, Ms, Ha, Ha, Wog, Ha, Wwg, Hh, Wwg, Hh, Md, Gll, Gll^Efm, Gd^Edb, Aa^Esa, Rra^Esa, Gs^Efm, Aa^Fma, Ms, Aa^Fma, Aa^Esa, Aa^Esa, Gll, Gll^Edb, Rb^Edb, Rb, Rra, Rra, Gll^Esa, Gll^Efm, Gll, Gll, Gd^Vo, Ai, Aa, Gd, Gll
Ms, Ms, Ha, Aa, Aa^Esa, Ha, Aa, Hh, Hh^Vc, Hh, Md, Md, Gll, Gs, Gs^Edb, Ai, Gd^Efm, Gs^Efm, Aa^Fma, Aa^Fma, Ha^Fda, Ha^Fda, Ha^Fda, Aa^Fma, Aa^Fma, Gll^Edb, Rb, Hhd, Rra, Gll, Gd, Gll^Efm, Gll^Efm, Gll^Efm, Gll^Fmw, Gll^Fmw, Gd, Gd
Ms, Ms, Aa, Aa, Gd, Aa, Gll, Hh, Hh, Hh, Md, Md, Gll, Rb, Gll, Gd, Gd, Aa, Aa, Ha^Voa, Ha^Fda, Hh^Fmw, Hh^Fmw, Ha^Fda, Gs^Fet, Gll, Rb, Md, Rra, Gll^Efm, Gll, Gd^Es, Gll^Es, Gll^Fmw, Aa, Gll^Fmw, Gll, Gd
Md, Ms, Md, Gd^Efm, Hhd^Efm, Hh, Hhd^Efm, Hh, Hh, Md, Hh, Hhd, Gll^Edb, Rb, Gd, Gd^Es, Gd, Aa^Fda, Aa^Fda, Ha, Ms^Xm, Hh^Fmw, Hhd^Fmw, Hh^Fmw, Hh, Gll, Rb^Efm, Md, Md, Rra^Efm, Gll, Gd, Gll^Es, Ai, Aa, Aa, Ai, Gll
Md, Md, Md, Gd, Gd, Hhd^Efm, Hhd, Hh^Fmw, Hh^Vo, Hh, Md, Hhd, Gll^Edb, Rb^Efm, Gs^Efm, Aa, Aa^Esa, Aa^Fma, Aa^Fda, Aa, Ms, Hh, Gd, Hhd, Gd, Rb, Gd, Gs^Efm, Gd^Efm, Rra, Gd, Gd^Esa, Gll^Esa, Ai^Esa, Ai^Esa, Ai^Esa, Ai, Ai
Md, Md, Ms, Hhd, Hhd, Hhd^Emf, Hh, Hh^Fmw, Hhd^Fmw, Hh, Hhd, Hhd, Gll, Rb, Rb^Efm, Gd, Gd^Esa, Aa, Rra, Rra, Rra, Rra, Rra, Gd, Ai, Gd^Edb, Gd^Edb, Ai, Gd, Rra, Gd^Es, Gd^Esa, Gll, Wwg, Wwg^Ewl, Ai, Wwg, Wwg
Ms, Ms, Aa, Aa, Gs^Es, Hh, Hh^Efm, Hh, Hh, Hhd, Hh, Gll^Es, Gll^Es, Gd, Rb^Efm, Aa, Rra, Rra^Es, Aa^Fma, Ms, Ms, Ms, Aa^Fma, Rra, Rra, Ai, Ai, Aa, Gd^Es, Rra, Aa, Gd, Aa^Fpa, Gll, Gll, Wwg, Gll, Gll
Ai, Ms, Wwg, Aa, Gll^Efm, Hh^Efm, Hhd, Hhd, Hhd, Hhd, Hh, Gll, Wwg, Gll, Gll, Gd, Rra, Gd^Es, Aa, Aa^Fma, Aa^Fma, Aa^Fma, Aa^Fma, Aa^Fma, Ms, Ms, Ms, Ai, Gd, Rra, Aa, Aa^Fpa, Aa^Fma, Aa, Aa^Esa, Gll, Gd, Gs
Ai, Ai, Wwg, Wwg, Wwg, Wwg, Wwg, Wwg, Wwrg, Wwg, Wwg, Wwg, Wwg, Wwg, Wwrg, Rra, Gd, Gd, Gll, Aa, Gll, Gd^Vc, Hh, Hh, Hh, Ha, Ha, Ms, Gd, Rra, Rra, Aa^Fma, Aa, Aa^Fma, Aa^Fda, Ms, Aa^Fma, Gd
Ms, Ms, Ms, Wwg, Ha, Ai, Wwg, Wwg, Hh, Wwg, Gll^Efm, Wwg^Ewl, Wwg^Ewl, Wwg^Ewl, Wwg, Gll, Gll, Aa^Esa, Aa, Gll, Gd, Gd, Gd, Gll, Gll^Efm, Hh, Ha, Ha, Aa^Voa, Aa, Rra, Aa^Esa, Aa^Esa, Gll, Gll, Ms, Aa^Fma, Gd
Ms, Ms, Ms, Ha, Hh, Hh, Hh, Hh, Hh, Md, Gd^Efm, Gll, Gll^Es, Gll, Gll, Wwg, Wwg, Gll, Gll^Esa, Aa^Esa, Aa^Esa, Rb^Esa, Rb, Rb^Efm, Rb^Es, Rb^Es, Gd, Aa^Esa, Gd^Edb, Aa, Gll^Esa, Rra^Esa, Gd, Aa, Gll, Aa^Fda, Aa^Fma, Aa^Fma
Ms, Ms^Xm, Ms, Md, Hh, Hh, Hh, Hh^Vo, Hh, Md, Hhd, Gd^Es, Gd^Es, Aa^Fma, Aa^Fma, Gll, Wwg, Wwg, Gll, Gd, Gd, Ai^Esa, Ai, Gll^Efm, Gll, Rb, Gd^Edb, Gd^Edb, Aa, Gd, Gd^Esa, Rra, Rra, Aa^Fma, Gll, Aa^Fda, Gd, Gd
Ms, Ms, Ms, Md, Md, Hh, Md, Hh^Em, Hhd, Md, Md, Hhd, Hhd, Gd, Gs, Gll, Gll^Efm, Ai, Ai^Esa, Gd, Gll, Gd^Es, Gs, Ai, Gd, Gd, Aa, Aa, Aa^Fma, Aa^Fma, Gd^Efm, Gd, Gd, Rra, Rra, Gd, Rra, Rra
Ms, Ms, Ha, Md, Md, Md, Hh^Em, Hh^Emf, Hhd, Md, Hh^Em, Hhd, Hhd, Gd, Aa^Fma, Gs^Efm, Gs^Fet, Gll^Efm, Gll, Ai, Wwg, Gd, Wwg, Gs, Wwg^Ewl, Gll, Gll, Gll^Efm, Gll^Efm, Gd^Efm, Gll^Efm, Gll^Efm, Gd^Es, Gll^Es, Gll, Rra, Gll^Es, Gll^Es
Ms, Ms, Ha, Ha, Ha, Ha, Hh, Hh, Hh, Hh, Hh, Hhd, Hhd, Gd, Aa^Fma, Aa^Fma, Ai, Ai^Esa, Rb, Gll, Gll^Efm, Wwg, Wwg, Wwg, Wwg, Wwg^Ewl, Wwg^Ewl, Wwg^Ewl, Wwg, Gll, Wwg, Gll, Wwg, Wwg, Wwg^Ewl, Gll, Wwrg, Wwg
Ms, Ms, Ha, Ha, Ha, Ha, Hh, Hhd, Hh, Hh, Hh, Chr, Chr, Gd, Gll^Es, Gll, Gll^Efm, Gll^Efm, Gd^Vc, Rb, Rb, Rb, Gs^Efm, Wwg, Gs^Efm, Wwg, Wwg, Wwg, Wwg, Wwf, Wwg, Wwg, Chw, Wwg, Chr, Wwg, Wwg, Wwg
Ms, Ms, Hhd, Hh, Hh^Em, Md, Md, Hh^Ecf, Chr, Chr, Hh, Hh, Ai, Gd^Es, Aa^Fma, Ai, Aa^Fma, Gd, Aa^Esa, Gd^Esa, Gd^Efm, Rb^Efm, Rb, Gs, Aa^Fma, Gd, Gd, Wwg, Gll^Es, Gll^Es, Chr^Edb, Chw, 1 Khr, Chr^Edt, Gs, Gs^Edt, Chw, Wwg
Ms, Ms^Xm, Hhd, Hhd^Em, Md, Hh^Emf, Chr, Md, Chr, Chr, Chr^Edt, Chr^Edt, Ai^Esa, Aa^Fma, Aa^Fma, Ai, Gd, Aa^Fma, Ms, Aa^Esa, Aa, Gd^Efm, Aa^Esa, Rb, Rb, Aa^Fma, Aa^Fma, Aa^Fma, Gd, Gs^Edb, Gs, Chr^Edb, Gll^Edb, Gs^Edt, Gll, Chr, Gll, Gd
Ms, Ms^Xm, Ms^Xm, Hhd, Md, Hh^Em, Hhd, Md, Md^Edt, 2 Khr, Hh, Ai, Gll^Vo, Aa^Fma, Aa^Fma, Ai, Ai^Esa, Md, Md^Xm, Ms, Ha, Aa, Ms^Xm, Aa^Esa, Rb, Aa^Fma, Aa^Fma, Aa^Fma, Gll, Aa^Fma, Aa^Vla, Gs, Gd, Gd^Ecf, Gd, Gll^Vhcr, Aa^Fma, Gd
Ms, Ms, Md, Md, Ha, Md, Ha, Hhd, Hh^Edt, Hh, Ai^Esa, Ai^Esa, Gll^Efm, Aa^Fma, Gll, Gs, Ai, Gd, Md, Md, Ha, Ms, Ms, Ms, Rb, Gd, Aa^Fma, Gll, Md, Gll, Gll^Efm, Gll^Efm, Gll^Efm, Aa^Fma, Aa^Fma, Aa^Fma, Ha, Ha
Ms, Ms, Ms, Ms, Ms, Ha, Ha, Ha, Hh, Hh, Gd, Gd, Gll, Gll^Efm, Gs, Ai, Gd, Ms, Ms, Md, Ha, Ha, Ha, Ha, Ha, Rb, Rb, Gll, Gll, Md, Md, Md, Aa, Aa, Aa, Ha, Ha, Ha
