Xu, Xu, Wwg, Wog, Xu, Wog, Wwg, Xu, Xu, Xu, Xu, Xu, Xu, Xu, Xu, Xu, Xu, Xu, Xu, Xu, Xu, Xu, Xu, Xu, Xu, Xu, Xu, Xu, Xu, Xu, Xu, Xu, Xu, Xu, Xu, Xu, Xu, Xu, Xu, Xu, Xu, Xu, Xu, Xu
Xu, Xu, Wwg, Wwg, Xu, Wwg, Wwg, Xu, Xu, Xu, Xu, Xu, Xu, Xu, Xu, Xu, Xu, Xu, Xu, Xu, Xu, Xu, Xu, Xu, Xu, Xu, Xu, Xu, Xu, Xu, Xu, Xu, Xu, Xu, Xu, Xu, Xu, Xu, Xu, Xu, Xu, Xu, Xu, Xu
Xu, Xu, Xu, Wwg^Bw\r, Isa, Wwg^Bw/r, Xu, Xu, Xu, Xu, Xu, Xu, Qxua, Xu, Xu, Xu, Xu, Xu, Xu, Xu, Xu, Xu, Xu, Xu, Xu, Xu, Xu, Xu, Xu, Xu, Xu, Xu, Xu, Xu, Xu, Xu, Xu, Xu, Xu, Xu, Xu, Xu, Xu, Xu
Xu, Xu, Uh, Uu, Isa, Isa^Edb, Isa^Xo, Xu, Xu, Xu, Uh, Uh, Uh^Em, Qxua, Xu, Xu, Xu, Xu, Xu, Xu, Xu, Xu, Xu, Xu, Xu, Xu, Xu, Xu, Xu, Xu, Xu, Xu, Uh^Emf, Qxua, Qxua, Xu, Xu, Xu, Xu, Xu, Xu, Xu, Xu, Xu
Xu, Xu, Xu, Uu, Xu, Xu, Xu, Uu, Uu^Edb, Uu^Emf, Cud, Cud, Cud, Uh^Em, Qxua, Xu, Xu, Xu, Xu, Xu, Uh^Em, Xu, Isa, Xu, Xu, Xu, Xu, Xu, Xu, Xu, Xu, Uh^Emf, Uu^Vud, Uh, Uh, Qxua, Xu, Xu, Xu, Xu, Xu, Xu, Xu, Xu
Xu, Xu, Xu, Xu, Xu, Xu, Uh, Uu, Uh^Emf, Uh^Emf, Cud, 2 Kud, Cud, Qxua^Ii, Uh, Uh, Isa, Xu, Isa, Uu^Em, Uu, Isa, Uu^Emf, Isa, Xu, Xu, Xu, Xu, Xu, Xu, Xu, Uu^Em, Isa, Isa^Edb, Isa^Edb, Qxua, Xu, Xu, Xu, Xu, Xu, Xu, Xu, Xu
Xu, Xu, Xu, Xu, Qxua, Qxu, Uu, Uu, Uu^Vu, Uh, Isa, Cud, Uu^Edb, Qxua, Uu, Uu^Vu, Uh^Edb, Isa, Uh, Uh, Uu, Uu, Uu, Xu, Uu^Edb, Isa^Edb, Qxua, Xu, Xu, Xu, Xu, Isa, Xu, Uu, Xu, Xu, Xu, Xu, Xu, Xu, Xu, Xu, Xu, Xu
Xu, Xu, Xu, Xu, Xu, Uh, Isa, Isa, Uh, Uh^Em, Uu, Isa^Edb, Isa, Isa^Edb, Xu, Uu, Uh, Uu^Emf, Uu, Uu, Xu, Xu, Uh, Uu, Uu^Em, Isa^Edb, Qxua, Xu, Qxua, Xu, Uh, Isa, Xu, Xu, Xu, Xu, Xu, Xu, Xu, Xu, Xu, Xu, Xu, Xu
Xu, Xu, Xu, Xu, Xu, Xu, Xu, Uh^Emf, Xu, Uh, Uu, Uu, Uh, Uh, Xu, Xu, Xu, Uh, Xu, Xu, Xu, Uh, Uh, Uh^Emf, Uu^Em, Isa^Edb, Isa^Edb, Qxua, Isa, Uu, Uh, Uh, Xu, Xu, Xu, Xu, Xu, Xu, Xu, Xu, Xu, Xu, Xu, Xu
Xu, Xu, Xu, Xu, Xu, Xu, Xu, Xu, Uh^Emf, Uh, Uu, Uh^Emf, Uh^Emf, Uu, Uu, Xu, Xu, Xu, Xu, Xu, Xu, Uh, Qxu, Uh, Isa, Uu^Vu, Uh, Isa^Edb, Uh, Uu, Uu, Xu, Uh, Xu, Xu, Xu, Xu, Xu, Xu, Xu, Xu, Xu, Xu, Xu
Xu, Xu, Xu, Xu, Xu, Xu, Xu, Xu, Uh, Uu, Uu, Uu, Uu^Vu, Uu^Emf, Xu, Xu, Xu, Xu, Xu, Xu, Xu, Qxu, Cud, Uh, Isa, Uu, Xu, Uh^Em, Xu, Xu, Uu, Uu, Uh^Em, Uh^Emf, Xu, Xu, Xu, Xu, Xu, Xu, Xu, Xu, Xu, Xu
Xu, Xu, Xu, Xu, Xu, Xu, Xu, Xu, Xu, Uh, Xu, Xu, Xu, Uu, Uu, Xu, Xu, Xu, Xu, Xu, Xu, Cud, Kud, Cud, Xu, Xu, Xu, Xu, Xu, Uh^Em, Uh^Em, Uu^Emf, Uu^Em, Xu, Xu, Xu, Xu, Xu, Xu, Xu, Xu, Xu, Xu, Xu
Xu, Xu, Xu, Xu, Xu, Xu, Xu, Xu, Xu, Xu, Isa^Edb, Uh^Emf, Uh, Uh, Uu, Uh^Emf, Xu, Xu, Xu, Xu, Qxu, Cud, Cud, Cud, Xu, Xu, Xu, Xu, Xu, Uh^Em, Cud, Isa^Edb, Isa^Edb, Xu, Xu, Xu, Xu, Xu, Xu, Xu, Xu, Xu, Xu, Xu
Xu, Xu, Xu, Xu, Xu, Xu, Xu, Xu, Xu, Isa^Edb, Uu, Uu^Vu, Uu, Isa, Uu, Isa, Xu, Xu, Xu, Xu, Qxua, Uu, Uh^Emf, Xu, Xu, Xu, Qxu, Xu, Xu, Cud, 3 Kud, Cud, Isa^Edb, Uh, Xu, Xu, Xu, Xu, Xu, Xu, Xu, Xu, Xu, Xu
Xu, Xu, Xu, Xu, Xu, Xu, Qxua, Xu, Xu, Isa, Uu^Em, Uu, Uu, Uu, Isa, Isa, Xu, Xu, Ql, Xu, Xu, Uh, Xu, Xu, Xu, Qxua, Uh, Qxu, Isa, Cud, Cud, Cud, Isa^Edb, Uh^Emf, Xu, Xu, Xu, Xu, Xu, Xu, Xu, Xu, Xu, Xu
Xu, Xu, Xu, Xu, Xu, Xu, Qxua, Qxua, Uu, Uu^Emf, Uh^Emf, Uh^Emf, Uh, Uh, Xu, Xu, Ql^Ii, Xu, Ql, Xu, Xu, Xu, Xu, Xu, Xu, Uh, Uu^Vu, Uu, Isa, Isa^Edb, Uu, Uu, Uh, Uh, Xu, Xu, Xu, Xu, Xu, Xu, Xu, Xu, Xu, Xu
Xu, Xu, Xu, Xu, Uh, Xu, Uu, Uu, Isa, Isa, Uh^Em, Uh, Xu, Xu, Ql, Ql, Uu, Ql, Uu, Ql, Ql, Ql, Xu, Xu, Qxua, Uu, Uu^Edb, Uu, Uh^Em, Uh^Em, Xu, Uu^Vu, Xu, Xu, Xu, Xu, Xu, Xu, Xu, Xu, Xu, Xu, Xu, Xu
Xu, Xu, Xu, Xu, Uh^Emf, Uh^Em, Isa, Isa, Uh, Uh^Emf, Xu, Xu, Xu, Xu, Xu, Uu, Isa, Isa, Isa, Uu, Ql^Ii, Ql, Xu, Xu, Qxua, Uh, Uh^Em, Uu^Emf, Uh^Em, Qxua, Xu, Xu, Xu, Xu, Xu, Xu, Xu, Xu, Xu, Xu, Xu, Xu, Xu, Xu
Xu, Xu, Xu, Xu, Xu, Isa, Uu^Emf, Uu^Vu, Qxua^Ii, Uu^Em, Uu^Em, Xu, Xu, Xu, Xu, Xu, Xu, Uu, Isa, Uu, Ql^Ii, Ql, Xu, Xu, Xu, Qxua, Uh^Em, Uu, Isa^Em, Uh^Emf, Xu, Xu, Xu, Xu, Xu, Xu, Xu, Xu, Xu, Xu, Xu, Xu, Xu, Xu
Xu, Xu, Xu, Xu, Qxua, Uu, Cud, Uu^Edb, Uh^Edb, Qxua, Uh, Xu, Uh, Uh, Uh^Emf, Xu, Xu, Uu, Isa, Uh, Uh, Ql, Xu, Xu, Xu, Xu, Xu, Uu, Isa^Edb, Uh, Uu, Uu, Uu, Xu, Xu, Xu, Xu, Xu, Xu, Xu, Xu, Xu, Xu, Xu
Xu, Xu, Xu, Xu, Isa^Edb, Cud, 4 Kud, Cud, Isa^Edb, Isa, Isa, Uh, Isa^Edb, Isa^Emf, Uh^Em, Xu, Ql, Uh, Isa^Xo, Uu^Xo, Xu, Xu, Xu, Xu, Xu, Xu, Xu, Uu, Uu, Isa, Uu^Vu, Uu, Uu, Xu, Uh^Emf, Xu, Xu, Xu, Xu, Xu, Xu, Xu, Xu, Xu
Xu, Xu, Xu, Uh^Emf, Uu^Edb, Cud, Cud, Cud, Qxua, Uu^Em, Uu, Isa^Edb, Uu^Vu, Isa^Edb, Isa, Xu, Xu, Ql^Ii, Xu, Isa, Isa, Uu, Uh, Xu, Xu, Xu, Xu, Xu, Xu, Isa, Xu, Xu, Uu, Uu, Isa^Edb, Uh, Uh^Emf, Xu, Xu, Xu, Xu, Xu, Xu, Xu
Xu, Xu, Xu, Uh^Emf, Uu^Edb, Qxua, Qxua, Qxua, Xu, Uu^Emf, Uu, Uu, Uu, Uu^Em, Xu, Xu, Uh, Xu, Uh, Xu, Ql, Uu, Uh, Xu, Xu, Xu, Xu, Xu, Xu, Xu, Xu, Uu, Uu, Uu, Isa, Uh^Edb, Uh^Edb, Xu, Xu, Xu, Xu, Xu, Xu, Xu
Xu, Xu, Xu, Uh, Xu, Xu, Xu, Xu, Xu, Xu, Xu, Xu, Xu, Uu, Uu, Uh, Uh, Qxua, Xu, Uh, Uh, Uu, Uh, Xu, Qxu, Qxu, Uh, Qxua, Xu, Xu, Xu, Uh, Uh, Uh, Qxu, Isa, Uu^Emf, Xu, Xu, Xu, Xu, Xu, Xu, Xu
Xu, Xu, Xu, Isa^Edb, Isa^Edb, Xu, Xu, Xu, Xu, Xu, Xu, Xu, Uu^Emf, Uu^Edb, Uu, Uu, Uh^Emf, Qxu, Qxu, Xu, Isa, Uh, Uh^Edb, Qxu, Uh^Emf, Uh^Emf, Isa^Edb, Uh, Uu^Vu, Xu, Qxua, Qxua, Qxua, Qxu, Isa, Isa, Uh^Emf, Uh^Emf, Xu, Xu, Xu, Xu, Xu, Xu
Xu, Xu, Xu, Uu^Vud, Isa^Edb, Uh, Qxua, Xu, Xu, Xu, Xu, Xu, Uh, Isa^Edb, Isa, Uu, Uu^Em, Uh^Emf, Qxu, Uh, Uh, Isa, Uu, Uh^Em, Uu^Emf, Isa^Edb, Uu, Isa^Edb, Isa^Edb, Isa, Uh, Uh, Uh, Uh, Uu, Uh^Emf, Uh^Edb, Xu, Xu, Xu, Xu, Xu, Xu, Xu
Xu, Xu, Xu, Uu^Emf, Uh^Emf, Uh^Emf, Qxua, Xu, Xu, Xu, Xu, Xu, Xu, Uh, Isa, Isa, Isa^Edb, Uu^Em, Isa, Qxu, Uh, Isa, Uu, Uu, Qxu, Uu, Qxua, Isa^Edb, Uh, Uu^Edb, Uu, Uu, Uu, Uu, Isa, Uh, Xu, Xu, Xu, Xu, Xu, Xu, Xu, Xu
Xu, Xu, Xu, Xu, Xu, Qxua, Xu, Xu, Xu, Xu, Xu, Xu, Xu, Qxu, Uu^Emf, Uu, Uu, Uu^Vu, Uu, Uh, Isa, Isa, Uu^Em, Uh^Em, Uh, Uu^Vu, Qxua, Uh, Xu, Uh, Uh, Uh, Uh^Emf, Uu, Isa^Edb, Xu, Xu, Xu, Xu, Xu, Xu, Xu, Xu, Xu
Xu, Xu, Xu, Xu, Xu, Xu, Xu, Xu, Xu, Xu, Xu, Xu, Qxua, Qxua, Qxua, Uu^Em, Cud, Cud, Cud, Uu, Qxu, Uu, Uu^Em, Uu^Emf, Xu, Qxua, Xu, Xu, Xu, Uh^Emf, Xu, Uh, Uh^Em, Uu^Vu, Isa^Edb, Xu, Xu, Xu, Xu, Xu, Xu, Xu, Xu, Xu
Xu, Xu, Xu, Xu, Xu, Xu, Xu, Xu, Qxua, Qxua^Ii, Qxua^Ii, Qxua, Xu, Xu, Xu, Isa, Cud, Kud, Cud, Uu^Emf, Uu^Em, Qxu, Qxua, Qxua, Xu, Xu, Xu, Xu, Xu, Xu, Cud, Cud, Cud, Isa, Isa^Edb, Xu, Xu, Xu, Xu, Xu, Xu, Xu, Xu, Xu
Xu, Xu, Xu, Xu, Xu, Xu, Xu, Xu, Qxua, Urc, Qxua, Xu, Xu, Xu, Xu, Xu, Xu, Cud, Xu, Xu, Xu, Xu, Xu, Xu, Xu, Xu, Xu, Xu, Xu, Xu, Cud, 1 Kud, Cud, Qxua, Isa, Uu^Vu, Uh, Uh, Xu, Xu, Xu, Xu, Xu, Xu
Xu, Xu, Xu, Xu, Xu, Xu, Xu, Xu, Xu, Qxua, Xu, Xu, Xu, Xu, Xu, Xu, Xu, Xu, Xu, Xu, Xu, Xu, Xu, Xu, Xu, Xu, Xu, Xu, Xu, Xu, Uh^Ii, Cud, Uh^Edb, Isa, Xu, Uh, Xu, Xu, Xu, Xu, Xu, Xu, Xu, Xu
Xu, Xu, Xu, Xu, Xu, Xu, Xu, Xu, Xu, Xu, Xu, Xu, Xu, Xu, Xu, Xu, Xu, Xu, Xu, Xu, Xu, Xu, Xu, Xu, Xu, Xu, Xu, Xu, Xu, Xu, Uh, Isa^Edb, Uu^Edb, Xu, Xu, Xu, Xu, Xu, Xu, Xu, Xu, Xu, Xu, Xu
Xu, Xu, Xu, Xu, Xu, Xu, Xu, Xu, Xu, Xu, Xu, Xu, Xu, Xu, Xu, Xu, Xu, Xu, Xu, Xu, Xu, Xu, Xu, Xu, Xu, Xu, Xu, Xu, Xu, Xu, Uh^Ii, Isa^Ii, Uu^Ii, Xu, Xu, Xu, Xu, Xu, Xu, Xu, Xu, Xu, Xu, Xu
